Component: ARM Compiler 5.06 update 5 (build 528) Tool: armlink [4d35e2]

==============================================================================

Section Cross References

    main.o(i.ACCE_T_Collection) refers to adxl362.o(i.ACCE_T_GetData) for ACCE_T_GetData
    main.o(i.ACCE_T_Collection) refers to sys_value.o(.data) for ACCECounter
    main.o(i.ACCE_T_Collection) refers to sys_value.o(.bss) for ACCE_TData
    main.o(i.Collection_Init) refers to main.o(i.Mode_Active) for Mode_Active
    main.o(i.Collection_Init) refers to rtc.o(i.RTC_Calibration) for RTC_Calibration
    main.o(i.Collection_Init) refers to adxl362.o(i.ADXL362_Init) for ADXL362_Init
    main.o(i.Collection_Init) refers to sys_value.o(.data) for second
    main.o(i.Collection_off) refers to adxl362.o(i.ADXL362_Stop) for ADXL362_Stop
    main.o(i.Data_Trans) refers to sys_value.o(.data) for DatatransCounter
    main.o(i.ECG_Collection) refers to adc.o(i.ECG_GetData) for ECG_GetData
    main.o(i.ECG_Collection) refers to sys_value.o(.data) for ECGCounter
    main.o(i.ECG_Collection) refers to sys_value.o(.bss) for ECGData
    main.o(i.Mode_Active) refers to sys_value.o(.data) for Mode
    main.o(i.Mode_Sleep) refers to sys_value.o(.data) for Mode
    main.o(i.RTC_Collection) refers to rtc.o(i.RTC_GetTime) for RTC_GetTime
    main.o(i.RTC_Collection) refers to sys_value.o(.data) for RTCCounter
    main.o(i.RTC_Collection) refers to sys_value.o(.bss) for RTCData
    main.o(i.Sys_Conrtol) refers to lptim.o(i.Timer_ndays_Off) for Timer_ndays_Off
    main.o(i.Sys_Conrtol) refers to main.o(i.Collection_Init) for Collection_Init
    main.o(i.Sys_Conrtol) refers to main.o(i.RTC_Collection) for RTC_Collection
    main.o(i.Sys_Conrtol) refers to lptim.o(i.Timer_1hour_On) for Timer_1hour_On
    main.o(i.Sys_Conrtol) refers to main.o(i.Timers_On) for Timers_On
    main.o(i.Sys_Conrtol) refers to main.o(i.ECG_Collection) for ECG_Collection
    main.o(i.Sys_Conrtol) refers to main.o(i.ACCE_T_Collection) for ACCE_T_Collection
    main.o(i.Sys_Conrtol) refers to main.o(i.Timers_Off) for Timers_Off
    main.o(i.Sys_Conrtol) refers to main.o(i.Data_Pack) for Data_Pack
    main.o(i.Sys_Conrtol) refers to main.o(i.Data_Trans) for Data_Trans
    main.o(i.Sys_Conrtol) refers to main.o(i.Mode_Sleep) for Mode_Sleep
    main.o(i.Sys_Conrtol) refers to sys_value.o(.data) for sysflag
    main.o(i.SystemClock_Config) refers to stm32l4xx_hal_rcc.o(i.HAL_RCC_OscConfig) for HAL_RCC_OscConfig
    main.o(i.SystemClock_Config) refers to main.o(i._Error_Handler) for _Error_Handler
    main.o(i.SystemClock_Config) refers to stm32l4xx_hal_rcc.o(i.HAL_RCC_ClockConfig) for HAL_RCC_ClockConfig
    main.o(i.SystemClock_Config) refers to stm32l4xx_hal_rcc_ex.o(i.HAL_RCCEx_PeriphCLKConfig) for HAL_RCCEx_PeriphCLKConfig
    main.o(i.SystemClock_Config) refers to stm32l4xx_hal_pwr_ex.o(i.HAL_PWREx_ControlVoltageScaling) for HAL_PWREx_ControlVoltageScaling
    main.o(i.SystemClock_Config) refers to stm32l4xx_hal_rcc.o(i.HAL_RCC_GetHCLKFreq) for HAL_RCC_GetHCLKFreq
    main.o(i.SystemClock_Config) refers to stm32l4xx_hal_cortex.o(i.HAL_SYSTICK_Config) for HAL_SYSTICK_Config
    main.o(i.SystemClock_Config) refers to stm32l4xx_hal_cortex.o(i.HAL_SYSTICK_CLKSourceConfig) for HAL_SYSTICK_CLKSourceConfig
    main.o(i.SystemClock_Config) refers to stm32l4xx_hal_cortex.o(i.HAL_NVIC_SetPriority) for HAL_NVIC_SetPriority
    main.o(i.Timers_Off) refers to tim.o(i.Timer_1ms_Off) for Timer_1ms_Off
    main.o(i.Timers_On) refers to tim.o(i.Timer_1ms_On) for Timer_1ms_On
    main.o(i.main) refers to stm32l4xx_hal.o(i.HAL_Init) for HAL_Init
    main.o(i.main) refers to main.o(i.SystemClock_Config) for SystemClock_Config
    main.o(i.main) refers to gpio.o(i.MX_GPIO_Init) for MX_GPIO_Init
    main.o(i.main) refers to spi.o(i.MX_SPI1_Init) for MX_SPI1_Init
    main.o(i.main) refers to spi.o(i.MX_SPI2_Init) for MX_SPI2_Init
    main.o(i.main) refers to lptim.o(i.MX_LPTIM1_Init) for MX_LPTIM1_Init
    main.o(i.main) refers to lptim.o(i.MX_LPTIM2_Init) for MX_LPTIM2_Init
    main.o(i.main) refers to tim.o(i.MX_TIM2_Init) for MX_TIM2_Init
    main.o(i.main) refers to rtc.o(i.MX_RTC_Init) for MX_RTC_Init
    main.o(i.main) refers to adc.o(i.MX_ADC1_Init) for MX_ADC1_Init
    main.o(i.main) refers to lptim.o(i.Timer_ndays_On) for Timer_ndays_On
    main.o(i.main) refers to fatfs.o(i.FATFS_Test) for FATFS_Test
    adc.o(i.ECG_GetData) refers to stm32l4xx_hal_adc.o(i.HAL_ADC_Start) for HAL_ADC_Start
    adc.o(i.ECG_GetData) refers to main.o(i._Error_Handler) for _Error_Handler
    adc.o(i.ECG_GetData) refers to stm32l4xx_hal_adc.o(i.HAL_ADC_PollForConversion) for HAL_ADC_PollForConversion
    adc.o(i.ECG_GetData) refers to stm32l4xx_hal_adc.o(i.HAL_ADC_GetValue) for HAL_ADC_GetValue
    adc.o(i.ECG_GetData) refers to stm32l4xx_hal_adc.o(i.HAL_ADC_Stop) for HAL_ADC_Stop
    adc.o(i.ECG_GetData) refers to adc.o(.bss) for hadc1
[...]
    Removing stm32l4xx_hal_tim_ex.o(i.HAL_TIMEx_HallSensor_Start_DMA), (116 bytes).
    Removing stm32l4xx_hal_tim_ex.o(i.HAL_TIMEx_HallSensor_Start_IT), (42 bytes).
    Removing stm32l4xx_hal_tim_ex.o(i.HAL_TIMEx_HallSensor_Stop), (56 bytes).
    Removing stm32l4xx_hal_tim_ex.o(i.HAL_TIMEx_HallSensor_Stop_DMA), (68 bytes).
    Removing stm32l4xx_hal_tim_ex.o(i.HAL_TIMEx_HallSensor_Stop_IT), (68 bytes).
    Removing stm32l4xx_hal_tim_ex.o(i.HAL_TIMEx_OCN_Start), (44 bytes).
    Removing stm32l4xx_hal_tim_ex.o(i.HAL_TIMEx_OCN_Start_DMA), (280 bytes).
    Removing stm32l4xx_hal_tim_ex.o(i.HAL_TIMEx_OCN_Start_IT), (132 bytes).
    Removing stm32l4xx_hal_tim_ex.o(i.HAL_TIMEx_OCN_Stop), (96 bytes).
    Removing stm32l4xx_hal_tim_ex.o(i.HAL_TIMEx_OCN_Stop_DMA), (178 bytes).
    Removing stm32l4xx_hal_tim_ex.o(i.HAL_TIMEx_OCN_Stop_IT), (198 bytes).
    Removing stm32l4xx_hal_tim_ex.o(i.HAL_TIMEx_OnePulseN_Start), (32 bytes).
    Removing stm32l4xx_hal_tim_ex.o(i.HAL_TIMEx_OnePulseN_Start_IT), (56 bytes).
    Removing stm32l4xx_hal_tim_ex.o(i.HAL_TIMEx_OnePulseN_Stop), (96 bytes).
    Removing stm32l4xx_hal_tim_ex.o(i.HAL_TIMEx_OnePulseN_Stop_IT), (120 bytes).
    Removing stm32l4xx_hal_tim_ex.o(i.HAL_TIMEx_PWMN_Start), (44 bytes).
    Removing stm32l4xx_hal_tim_ex.o(i.HAL_TIMEx_PWMN_Start_DMA), (280 bytes).
    Removing stm32l4xx_hal_tim_ex.o(i.HAL_TIMEx_PWMN_Start_IT), (132 bytes).
    Removing stm32l4xx_hal_tim_ex.o(i.HAL_TIMEx_PWMN_Stop), (96 bytes).
    Removing stm32l4xx_hal_tim_ex.o(i.HAL_TIMEx_PWMN_Stop_DMA), (178 bytes).
    Removing stm32l4xx_hal_tim_ex.o(i.HAL_TIMEx_PWMN_Stop_IT), (198 bytes).
    Removing stm32l4xx_hal_tim_ex.o(i.HAL_TIMEx_RemapConfig), (112 bytes).
    Removing stm32l4xx_hal_tim_ex.o(i.TIMEx_DMACommutationCplt), (20 bytes).
    Removing stm32l4xx_hal_tim_ex.o(i.TIM_CCxNChannelCmd), (28 bytes).
    Removing stm32l4xx_hal_dma_ex.o(.rev16_text), (4 bytes).
    Removing stm32l4xx_hal_dma_ex.o(.revsh_text), (4 bytes).
    Removing stm32l4xx_hal_dma_ex.o(.rrx_text), (6 bytes).
    Removing stm32l4xx_hal_dma.o(.rev16_text), (4 bytes).
    Removing stm32l4xx_hal_dma.o(.revsh_text), (4 bytes).
    Removing stm32l4xx_hal_dma.o(.rrx_text), (6 bytes).
    Removing stm32l4xx_hal_dma.o(i.DMA_SetConfig), (44 bytes).
    Removing stm32l4xx_hal_dma.o(i.HAL_DMA_Abort), (66 bytes).
    Removing stm32l4xx_hal_dma.o(i.HAL_DMA_Abort_IT), (88 bytes).
    Removing stm32l4xx_hal_dma.o(i.HAL_DMA_DeInit), (176 bytes).
    Removing stm32l4xx_hal_dma.o(i.HAL_DMA_GetError), (6 bytes).
    Removing stm32l4xx_hal_dma.o(i.HAL_DMA_GetState), (8 bytes).
    Removing stm32l4xx_hal_dma.o(i.HAL_DMA_IRQHandler), (230 bytes).
    Removing stm32l4xx_hal_dma.o(i.HAL_DMA_Init), (260 bytes).
    Removing stm32l4xx_hal_dma.o(i.HAL_DMA_PollForTransfer), (244 bytes).
    Removing stm32l4xx_hal_dma.o(i.HAL_DMA_RegisterCallback), (90 bytes).
    Removing stm32l4xx_hal_dma.o(i.HAL_DMA_Start), (114 bytes).
    Removing stm32l4xx_hal_dma.o(i.HAL_DMA_Start_IT), (156 bytes).
    Removing stm32l4xx_hal_dma.o(i.HAL_DMA_UnRegisterCallback), (106 bytes).
    Removing stm32l4xx_hal_flash_ramfunc.o(.rev16_text), (4 bytes).
    Removing stm32l4xx_hal_flash_ramfunc.o(.revsh_text), (4 bytes).
    Removing stm32l4xx_hal_flash_ramfunc.o(.rrx_text), (6 bytes).
    Removing stm32l4xx_hal_flash_ramfunc.o(i.HAL_FLASHEx_DisableRunPowerDown), (40 bytes).
    Removing stm32l4xx_hal_flash_ramfunc.o(i.HAL_FLASHEx_EnableRunPowerDown), (40 bytes).
    Removing stm32l4xx_hal_rtc.o(.rev16_text), (4 bytes).
    Removing stm32l4xx_hal_rtc.o(.revsh_text), (4 bytes).
    Removing stm32l4xx_hal_rtc.o(.rrx_text), (6 bytes).
    Removing stm32l4xx_hal_rtc.o(i.HAL_RTC_AlarmAEventCallback), (2 bytes).
    Removing stm32l4xx_hal_rtc.o(i.HAL_RTC_AlarmIRQHandler), (156 bytes).
    Removing stm32l4xx_hal_rtc.o(i.HAL_RTC_DeInit), (272 bytes).
    Removing stm32l4xx_hal_rtc.o(i.HAL_RTC_DeactivateAlarm), (262 bytes).
    Removing stm32l4xx_hal_rtc.o(i.HAL_RTC_GetAlarm), (154 bytes).
    Removing stm32l4xx_hal_rtc.o(i.HAL_RTC_GetDate), (76 bytes).
    Removing stm32l4xx_hal_rtc.o(i.HAL_RTC_GetState), (8 bytes).
    Removing stm32l4xx_hal_rtc.o(i.HAL_RTC_GetTime), (96 bytes).
    Removing stm32l4xx_hal_rtc.o(i.HAL_RTC_MspDeInit), (2 bytes).
    Removing stm32l4xx_hal_rtc.o(i.HAL_RTC_MspInit), (2 bytes).
    Removing stm32l4xx_hal_rtc.o(i.HAL_RTC_PollForAlarmAEvent), (76 bytes).
    Removing stm32l4xx_hal_rtc.o(i.HAL_RTC_SetAlarm), (506 bytes).
    Removing stm32l4xx_hal_rtc.o(i.HAL_RTC_SetAlarm_IT), (572 bytes).
    Removing stm32l4xx_hal_spi_ex.o(.rev16_text), (4 bytes).
    Removing stm32l4xx_hal_spi_ex.o(.revsh_text), (4 bytes).
    Removing stm32l4xx_hal_spi_ex.o(.rrx_text), (6 bytes).
    Removing stm32l4xx_hal_spi_ex.o(i.HAL_SPIEx_FlushRxFifo), (44 bytes).
    Removing stm32l4xx_hal.o(.rev16_text), (4 bytes).
    Removing stm32l4xx_hal.o(.revsh_text), (4 bytes).
    Removing stm32l4xx_hal.o(.rrx_text), (6 bytes).
    Removing stm32l4xx_hal.o(i.HAL_DBGMCU_DisableDBGSleepMode), (20 bytes).
    Removing stm32l4xx_hal.o(i.HAL_DBGMCU_DisableDBGStandbyMode), (20 bytes).
    Removing stm32l4xx_hal.o(i.HAL_DBGMCU_DisableDBGStopMode), (20 bytes).
    Removing stm32l4xx_hal.o(i.HAL_DBGMCU_EnableDBGSleepMode), (20 bytes).
    Removing stm32l4xx_hal.o(i.HAL_DBGMCU_EnableDBGStandbyMode), (20 bytes).
    Removing stm32l4xx_hal.o(i.HAL_DBGMCU_EnableDBGStopMode), (20 bytes).
    Removing stm32l4xx_hal.o(i.HAL_DeInit), (60 bytes).
    Removing stm32l4xx_hal.o(i.HAL_Delay), (32 bytes).
    Removing stm32l4xx_hal.o(i.HAL_GetDEVID), (16 bytes).
    Removing stm32l4xx_hal.o(i.HAL_GetHalVersion), (6 bytes).
    Removing stm32l4xx_hal.o(i.HAL_GetREVID), (12 bytes).
    Removing stm32l4xx_hal.o(i.HAL_GetUIDw0), (12 bytes).
    Removing stm32l4xx_hal.o(i.HAL_GetUIDw1), (12 bytes).
    Removing stm32l4xx_hal.o(i.HAL_GetUIDw2), (12 bytes).
    Removing stm32l4xx_hal.o(i.HAL_MspDeInit), (2 bytes).
    Removing stm32l4xx_hal.o(i.HAL_MspInit), (2 bytes).
    Removing stm32l4xx_hal.o(i.HAL_ResumeTick), (18 bytes).
    Removing stm32l4xx_hal.o(i.HAL_SYSCFG_DisableIOAnalogSwitchBooster), (20 bytes).
    Removing stm32l4xx_hal.o(i.HAL_SYSCFG_DisableMemorySwappingBank), (12 bytes).
    Removing stm32l4xx_hal.o(i.HAL_SYSCFG_DisableVREFBUF), (20 bytes).
    Removing stm32l4xx_hal.o(i.HAL_SYSCFG_EnableIOAnalogSwitchBooster), (20 bytes).
    Removing stm32l4xx_hal.o(i.HAL_SYSCFG_EnableMemorySwappingBank), (12 bytes).
    Removing stm32l4xx_hal.o(i.HAL_SYSCFG_EnableVREFBUF), (60 bytes).
    Removing stm32l4xx_hal.o(i.HAL_SYSCFG_SRAM2Erase), (28 bytes).
    Removing stm32l4xx_hal.o(i.HAL_SYSCFG_VREFBUF_HighImpedanceConfig), (20 bytes).
    Removing stm32l4xx_hal.o(i.HAL_SYSCFG_VREFBUF_TrimmingConfig), (20 bytes).
    Removing stm32l4xx_hal.o(i.HAL_SYSCFG_VREFBUF_VoltageScalingConfig), (20 bytes).
    Removing stm32l4xx_hal.o(i.HAL_SuspendTick), (18 bytes).
    Removing system_stm32l4xx.o(.rev16_text), (4 bytes).
    Removing system_stm32l4xx.o(.revsh_text), (4 bytes).
    Removing system_stm32l4xx.o(.rrx_text), (6 bytes).
    Removing system_stm32l4xx.o(i.SystemCoreClockUpdate), (236 bytes).
    Removing dadd.o(.text), (350 bytes).
    Removing dmul.o(.text), (234 bytes).
    Removing dflti.o(.text), (34 bytes).
    Removing d2f.o(.text), (56 bytes).
    Removing fepilogue.o(.text), (110 bytes).
    Removing depilogue.o(.text), (186 bytes).

729 unused section(s) (total 190556 bytes) removed from the image.

==============================================================================

Image Symbol Table

    Local Symbols

    Symbol Name                              Value     Ov Type        Size  Object(Section)

    ../Drivers/STM32L4xx_HAL_Driver/Src/stm32l4xx_hal.c 0x00000000   Number         0  stm32l4xx_hal.o ABSOLUTE
    ../Drivers/STM32L4xx_HAL_Driver/Src/stm32l4xx_hal_adc.c 0x00000000   Number         0  stm32l4xx_hal_adc.o ABSOLUTE
    ../Drivers/STM32L4xx_HAL_Driver/Src/stm32l4xx_hal_adc_ex.c 0x00000000   Number         0  stm32l4xx_hal_adc_ex.o ABSOLUTE
    ../Drivers/STM32L4xx_HAL_Driver/Src/stm32l4xx_hal_cortex.c 0x00000000   Number         0  stm32l4xx_hal_cortex.o ABSOLUTE
    ../Drivers/STM32L4xx_HAL_Driver/Src/stm32l4xx_hal_dma.c 0x00000000   Number         0  stm32l4xx_hal_dma.o ABSOLUTE
    ../Drivers/STM32L4xx_HAL_Driver/Src/stm32l4xx_hal_dma_ex.c 0x00000000   Number         0  stm32l4xx_hal_dma_ex.o ABSOLUTE
    ../Drivers/STM32L4xx_HAL_Driver/Src/stm32l4xx_hal_flash.c 0x00000000   Number         0  stm32l4xx_hal_flash.o ABSOLUTE
    ../Drivers/STM32L4xx_HAL_Driver/Src/stm32l4xx_hal_flash_ex.c 0x00000000   Number         0  stm32l4xx_hal_flash_ex.o ABSOLUTE
    ../Drivers/STM32L4xx_HAL_Driver/Src/stm32l4xx_hal_flash_ramfunc.c 0x00000000   Number         0  stm32l4xx_hal_flash_ramfunc.o ABSOLUTE
    ../Drivers/STM32L4xx_HAL_Driver/Src/stm32l4xx_hal_gpio.c 0x00000000   Number         0  stm32l4xx_hal_gpio.o ABSOLUTE
    ../Drivers/STM32L4xx_HAL_Driver/Src/stm32l4xx_hal_i2c.c 0x00000000   Number         0  stm32l4xx_hal_i2c.o ABSOLUTE
    ../Drivers/STM32L4xx_HAL_Driver/Src/stm32l4xx_hal_i2c_ex.c 0x00000000   Number         0  stm32l4xx_hal_i2c_ex.o ABSOLUTE
    ../Drivers/STM32L4xx_HAL_Driver/Src/stm32l4xx_hal_lptim.c 0x00000000   Number         0  stm32l4xx_hal_lptim.o ABSOLUTE
    ../Drivers/STM32L4xx_HAL_Driver/Src/stm32l4xx_hal_pwr.c 0x00000000   Number         0  stm32l4xx_hal_pwr.o ABSOLUTE
    ../Drivers/STM32L4xx_HAL_Driver/Src/stm32l4xx_hal_pwr_ex.c 0x00000000   Number         0  stm32l4xx_hal_pwr_ex.o ABSOLUTE
    ../Drivers/STM32L4xx_HAL_Driver/Src/stm32l4xx_hal_rcc.c 0x00000000   Number         0  stm32l4xx_hal_rcc.o ABSOLUTE
    ../Drivers/STM32L4xx_HAL_Driver/Src/stm32l4xx_hal_rcc_ex.c 0x00000000   Number         0  stm32l4xx_hal_rcc_ex.o ABSOLUTE
    ../Drivers/STM32L4xx_HAL_Driver/Src/stm32l4xx_hal_rtc.c 0x00000000   Number         0  stm32l4xx_hal_rtc.o ABSOLUTE
    ../Drivers/STM32L4xx_HAL_Driver/Src/stm32l4xx_hal_rtc_ex.c 0x00000000   Number         0  stm32l4xx_hal_rtc_ex.o ABSOLUTE
    ../Drivers/STM32L4xx_HAL_Driver/Src/stm32l4xx_hal_spi.c 0x00000000   Number         0  stm32l4xx_hal_spi.o ABSOLUTE
    ../Drivers/STM32L4xx_HAL_Driver/Src/stm32l4xx_hal_spi_ex.c 0x00000000   Number         0  stm32l4xx_hal_spi_ex.o ABSOLUTE
    ../Drivers/STM32L4xx_HAL_Driver/Src/stm32l4xx_hal_tim.c 0x00000000   Number         0  stm32l4xx_hal_tim.o ABSOLUTE
    ../Drivers/STM32L4xx_HAL_Driver/Src/stm32l4xx_hal_tim_ex.c 0x00000000   Number         0  stm32l4xx_hal_tim_ex.o ABSOLUTE
    ../Src/adc.c                             0x00000000   Number         0  adc.o ABSOLUTE
    ../Src/gpio.c                            0x00000000   Number         0  gpio.o ABSOLUTE
    ../Src/lptim.c                           0x00000000   Number         0  lptim.o ABSOLUTE
    ../Src/main.c                            0x00000000   Number         0  main.o ABSOLUTE
    ../Src/rtc.c                             0x00000000   Number         0  rtc.o ABSOLUTE
    ../Src/spi.c                             0x00000000   Number         0  spi.o ABSOLUTE
    ../Src/stm32l4xx_hal_msp.c               0x00000000   Number         0  stm32l4xx_hal_msp.o ABSOLUTE
    ../Src/stm32l4xx_it.c                    0x00000000   Number         0  stm32l4xx_it.o ABSOLUTE
    ../Src/system_stm32l4xx.c                0x00000000   Number         0  system_stm32l4xx.o ABSOLUTE
    ../Src/tim.c                             0x00000000   Number         0  tim.o ABSOLUTE
    ../clib/microlib/init/entry.s            0x00000000   Number         0  entry11b.o ABSOLUTE
    ../clib/microlib/init/entry.s            0x00000000   Number         0  entry11a.o ABSOLUTE
    ../clib/microlib/init/entry.s            0x00000000   Number         0  entry10b.o ABSOLUTE
    ../clib/microlib/init/entry.s            0x00000000   Number         0  entry10a.o ABSOLUTE
    ../clib/microlib/init/entry.s            0x00000000   Number         0  entry9b.o ABSOLUTE
    ../clib/microlib/init/entry.s            0x00000000   Number         0  entry9a.o ABSOLUTE
    ../clib/microlib/init/entry.s            0x00000000   Number         0  entry2.o ABSOLUTE
    ../clib/microlib/init/entry.s            0x00000000   Number         0  entry.o ABSOLUTE
    ../clib/microlib/init/entry.s            0x00000000   Number         0  entry5.o ABSOLUTE
    ../clib/microlib/init/entry.s            0x00000000   Number         0  entry7a.o ABSOLUTE
    ../clib/microlib/init/entry.s            0x00000000   Number         0  entry7b.o ABSOLUTE
    ../clib/microlib/init/entry.s            0x00000000   Number         0  entry8a.o ABSOLUTE
    ../clib/microlib/init/entry.s            0x00000000   Number         0  entry8b.o ABSOLUTE
    ../clib/microlib/longlong.c              0x00000000   Number         0  llshl.o ABSOLUTE
    ../clib/microlib/longlong.c              0x00000000   Number         0  llsshr.o ABSOLUTE
    ../clib/microlib/longlong.c              0x00000000   Number         0  llushr.o ABSOLUTE
    ../clib/microlib/malloc/malloc.c         0x00000000   Number         0  malloc.o ABSOLUTE
    ../clib/microlib/malloc/malloc.c         0x00000000   Number         0  mallocr.o ABSOLUTE
    ../clib/microlib/malloc/malloc.c         0x00000000   Number         0  mallocra.o ABSOLUTE
    ../clib/microlib/malloc/malloc.c         0x00000000   Number         0  malloca.o ABSOLUTE
    ../clib/microlib/malloc/mvars.c          0x00000000   Number         0  mvars.o ABSOLUTE
    ../clib/microlib/string/memcpy.c         0x00000000   Number         0  memcpya.o ABSOLUTE
    ../clib/microlib/string/memcpy.c         0x00000000   Number         0  memcpyb.o ABSOLUTE
    ../clib/microlib/stubs.s                 0x00000000   Number         0  iusefp.o ABSOLUTE
    ../fplib/microlib/d2f.c                  0x00000000   Number         0  d2f.o ABSOLUTE
    ../fplib/microlib/fpadd.c                0x00000000   Number         0  dadd.o ABSOLUTE
    ../fplib/microlib/fpepilogue.c           0x00000000   Number         0  fepilogue.o ABSOLUTE
    ../fplib/microlib/fpepilogue.c           0x00000000   Number         0  depilogue.o ABSOLUTE
    ../fplib/microlib/fpflt.c                0x00000000   Number         0  dflti.o ABSOLUTE
    ../fplib/microlib/fpmul.c                0x00000000   Number         0  dmul.o ABSOLUTE
    ..\Drivers\ADXL362_Driver\ADXL362.c      0x00000000   Number         0  adxl362.o ABSOLUTE
    ..\Drivers\FATFS_Driver\src\FATFS.c      0x00000000   Number         0  fatfs.o ABSOLUTE
    ..\Drivers\FATFS_Driver\src\diskio.c     0x00000000   Number         0  diskio.o ABSOLUTE
    ..\Drivers\FATFS_Driver\src\ff.c         0x00000000   Number         0  ff.o ABSOLUTE
    ..\Drivers\SD_Driver\SD.c                0x00000000   Number         0  sd.o ABSOLUTE
    ..\Drivers\STM32L4xx_HAL_Driver\Src\stm32l4xx_hal.c 0x00000000   Number         0  stm32l4xx_hal.o ABSOLUTE
    ..\Drivers\STM32L4xx_HAL_Driver\Src\stm32l4xx_hal_adc.c 0x00000000   Number         0  stm32l4xx_hal_adc.o ABSOLUTE
    ..\Drivers\STM32L4xx_HAL_Driver\Src\stm32l4xx_hal_adc_ex.c 0x00000000   Number         0  stm32l4xx_hal_adc_ex.o ABSOLUTE
    ..\Drivers\STM32L4xx_HAL_Driver\Src\stm32l4xx_hal_cortex.c 0x00000000   Number         0  stm32l4xx_hal_cortex.o ABSOLUTE
    ..\Drivers\STM32L4xx_HAL_Driver\Src\stm32l4xx_hal_dma.c 0x00000000   Number         0  stm32l4xx_hal_dma.o ABSOLUTE
    ..\Drivers\STM32L4xx_HAL_Driver\Src\stm32l4xx_hal_dma_ex.c 0x00000000   Number         0  stm32l4xx_hal_dma_ex.o ABSOLUTE
    ..\Drivers\STM32L4xx_HAL_Driver\Src\stm32l4xx_hal_flash.c 0x00000000   Number         0  stm32l4xx_hal_flash.o ABSOLUTE
    ..\Drivers\STM32L4xx_HAL_Driver\Src\stm32l4xx_hal_flash_ex.c 0x00000000   Number         0  stm32l4xx_hal_flash_ex.o ABSOLUTE
    ..\Drivers\STM32L4xx_HAL_Driver\Src\stm32l4xx_hal_flash_ramfunc.c 0x00000000   Number         0  stm32l4xx_hal_flash_ramfunc.o ABSOLUTE
    ..\Drivers\STM32L4xx_HAL_Driver\Src\stm32l4xx_hal_gpio.c 0x00000000   Number         0  stm32l4xx_hal_gpio.o ABSOLUTE
    ..\Drivers\STM32L4xx_HAL_Driver\Src\stm32l4xx_hal_i2c.c 0x00000000   Number         0  stm32l4xx_hal_i2c.o ABSOLUTE
    ..\Drivers\STM32L4xx_HAL_Driver\Src\stm32l4xx_hal_i2c_ex.c 0x00000000   Number         0  stm32l4xx_hal_i2c_ex.o ABSOLUTE
    ..\Drivers\STM32L4xx_HAL_Driver\Src\stm32l4xx_hal_lptim.c 0x00000000   Number         0  stm32l4xx_hal_lptim.o ABSOLUTE
    ..\Drivers\STM32L4xx_HAL_Driver\Src\stm32l4xx_hal_pwr.c 0x00000000   Number         0  stm32l4xx_hal_pwr.o ABSOLUTE
    ..\Drivers\STM32L4xx_HAL_Driver\Src\stm32l4xx_hal_pwr_ex.c 0x00000000   Number         0  stm32l4xx_hal_pwr_ex.o ABSOLUTE
    ..\Drivers\STM32L4xx_HAL_Driver\Src\stm32l4xx_hal_rcc.c 0x00000000   Number         0  stm32l4xx_hal_rcc.o ABSOLUTE
    ..\Drivers\STM32L4xx_HAL_Driver\Src\stm32l4xx_hal_rcc_ex.c 0x00000000   Number         0  stm32l4xx_hal_rcc_ex.o ABSOLUTE
    ..\Drivers\STM32L4xx_HAL_Driver\Src\stm32l4xx_hal_rtc.c 0x00000000   Number         0  stm32l4xx_hal_rtc.o ABSOLUTE
    ..\Drivers\STM32L4xx_HAL_Driver\Src\stm32l4xx_hal_rtc_ex.c 0x00000000   Number         0  stm32l4xx_hal_rtc_ex.o ABSOLUTE
    ..\Drivers\STM32L4xx_HAL_Driver\Src\stm32l4xx_hal_spi.c 0x00000000   Number         0  stm32l4xx_hal_spi.o ABSOLUTE
    ..\Drivers\STM32L4xx_HAL_Driver\Src\stm32l4xx_hal_spi_ex.c 0x00000000   Number         0  stm32l4xx_hal_spi_ex.o ABSOLUTE
    ..\Drivers\STM32L4xx_HAL_Driver\Src\stm32l4xx_hal_tim.c 0x00000000   Number         0  stm32l4xx_hal_tim.o ABSOLUTE
    ..\Drivers\STM32L4xx_HAL_Driver\Src\stm32l4xx_hal_tim_ex.c 0x00000000   Number         0  stm32l4xx_hal_tim_ex.o ABSOLUTE
    ..\Src\adc.c                             0x00000000   Number         0  adc.o ABSOLUTE
    ..\Src\gpio.c                            0x00000000   Number         0  gpio.o ABSOLUTE
    ..\Src\lptim.c                           0x00000000   Number         0  lptim.o ABSOLUTE
    ..\Src\main.c                            0x00000000   Number         0  main.o ABSOLUTE
    ..\Src\rtc.c                             0x00000000   Number         0  rtc.o ABSOLUTE
    ..\Src\spi.c                             0x00000000   Number         0  spi.o ABSOLUTE
    ..\Src\stm32l4xx_hal_msp.c               0x00000000   Number         0  stm32l4xx_hal_msp.o ABSOLUTE
    ..\Src\stm32l4xx_it.c                    0x00000000   Number         0  stm32l4xx_it.o ABSOLUTE
    ..\Src\sys_Value.c                       0x00000000   Number         0  sys_value.o ABSOLUTE
    ..\Src\system_stm32l4xx.c                0x00000000   Number         0  system_stm32l4xx.o ABSOLUTE
    ..\Src\tim.c                             0x00000000   Number         0  tim.o ABSOLUTE
    ..\\Drivers\\ADXL362_Driver\\ADXL362.c   0x00000000   Number         0  adxl362.o ABSOLUTE
    ..\\Drivers\\FATFS_Driver\\src\\diskio.c 0x00000000   Number         0  diskio.o ABSOLUTE
    ..\\Drivers\\SD_Driver\\SD.c             0x00000000   Number         0  sd.o ABSOLUTE
    dc.s                                     0x00000000   Number         0  dc.o ABSOLUTE
    handlers.s                               0x00000000   Number         0  handlers.o ABSOLUTE
    init.s                                   0x00000000   Number         0  init.o ABSOLUTE
    startup_stm32l452xx.s                    0x00000000   Number         0  startup_stm32l452xx.o ABSOLUTE
    RESET                                    0x08000000   Section      404  startup_stm32l452xx.o(RESET)
    .ARM.Collect$$$$00000000                 0x08000194   Section        0  entry.o(.ARM.Collect$$$$00000000)
    .ARM.Collect$$$$00000001                 0x08000194   Section        4  entry2.o(.ARM.Collect$$$$00000001)
    .ARM.Collect$$$$00000004                 0x08000198   Section        4  entry5.o(.ARM.Collect$$$$00000004)
    .ARM.Collect$$$$00000008                 0x0800019c   Section        0  entry7b.o(.ARM.Collect$$$$00000008)
    .ARM.Collect$$$$0000000A                 0x0800019c   Section        0  entry8b.o(.ARM.Collect$$$$0000000A)
    .ARM.Collect$$$$0000000B                 0x0800019c   Section        8  entry9a.o(.ARM.Collect$$$$0000000B)
    .ARM.Collect$$$$0000000D                 0x080001a4   Section        0  entry10a.o(.ARM.Collect$$$$0000000D)
    .ARM.Collect$$$$0000000F                 0x080001a4   Section        0  entry11a.o(.ARM.Collect$$$$0000000F)
    .ARM.Collect$$$$00002712                 0x080001a4   Section        4  entry2.o(.ARM.Collect$$$$00002712)
    __lit__00000000                          0x080001a4   Data           4  entry2.o(.ARM.Collect$$$$00002712)
    .text                                    0x080001a8   Section       36  startup_stm32l452xx.o(.text)
    $v0                                      0x080001a8   Number         0  startup_stm32l452xx.o(.text)
    .text                                    0x080001cc   Section       36  init.o(.text)
    i.FATFS_Test                             0x080001f0   Section        0  fatfs.o(i.FATFS_Test)
    i.HAL_ADC_ConfigChannel                  0x08000330   Section        0  stm32l4xx_hal_adc.o(i.HAL_ADC_ConfigChannel)
    i.HAL_ADC_Init                           0x080007d0   Section        0  stm32l4xx_hal_adc.o(i.HAL_ADC_Init)
    i.HAL_ADC_MspInit                        0x080009c8   Section        0  adc.o(i.HAL_ADC_MspInit)
    i.HAL_GPIO_Init                          0x08000a18   Section        0  stm32l4xx_hal_gpio.o(i.HAL_GPIO_Init)
    i.HAL_GPIO_WritePin                      0x08000be4   Section        0  stm32l4xx_hal_gpio.o(i.HAL_GPIO_WritePin)
    i.HAL_GetTick                            0x08000bf0   Section        0  stm32l4xx_hal.o(i.HAL_GetTick)
    i.HAL_IncTick                            0x08000bfc   Section        0  stm32l4xx_hal.o(i.HAL_IncTick)
    i.HAL_Init                               0x08000c0c   Section        0  stm32l4xx_hal.o(i.HAL_Init)
    i.HAL_InitTick                           0x08000c34   Section        0  stm32l4xx_hal.o(i.HAL_InitTick)
    i.HAL_LPTIM_AutoReloadMatchCallback      0x08000c5c   Section        0  lptim.o(i.HAL_LPTIM_AutoReloadMatchCallback)
    i.HAL_LPTIM_AutoReloadWriteCallback      0x08000cf8   Section        0  stm32l4xx_hal_lptim.o(i.HAL_LPTIM_AutoReloadWriteCallback)
    i.HAL_LPTIM_CompareMatchCallback         0x08000cfa   Section        0  stm32l4xx_hal_lptim.o(i.HAL_LPTIM_CompareMatchCallback)
    i.HAL_LPTIM_CompareWriteCallback         0x08000cfc   Section        0  stm32l4xx_hal_lptim.o(i.HAL_LPTIM_CompareWriteCallback)
    i.HAL_LPTIM_Counter_Start_IT             0x08000cfe   Section        0  stm32l4xx_hal_lptim.o(i.HAL_LPTIM_Counter_Start_IT)
    i.HAL_LPTIM_DirectionDownCallback        0x08000d5e   Section        0  stm32l4xx_hal_lptim.o(i.HAL_LPTIM_DirectionDownCallback)
    i.HAL_LPTIM_DirectionUpCallback          0x08000d60   Section        0  stm32l4xx_hal_lptim.o(i.HAL_LPTIM_DirectionUpCallback)
    i.HAL_LPTIM_IRQHandler                   0x08000d62   Section        0  stm32l4xx_hal_lptim.o(i.HAL_LPTIM_IRQHandler)
    i.HAL_LPTIM_Init                         0x08000e48   Section        0  stm32l4xx_hal_lptim.o(i.HAL_LPTIM_Init)
    i.HAL_LPTIM_MspInit                      0x08000f0c   Section        0  lptim.o(i.HAL_LPTIM_MspInit)
    i.HAL_LPTIM_TriggerCallback              0x08000f88   Section        0  stm32l4xx_hal_lptim.o(i.HAL_LPTIM_TriggerCallback)
    i.HAL_MspInit                            0x08000f8c   Section        0  stm32l4xx_hal_msp.o(i.HAL_MspInit)
    i.HAL_NVIC_EnableIRQ                     0x0800101c   Section        0  stm32l4xx_hal_cortex.o(i.HAL_NVIC_EnableIRQ)
    i.HAL_NVIC_SetPriority                   0x08001036   Section        0  stm32l4xx_hal_cortex.o(i.HAL_NVIC_SetPriority)
    i.HAL_NVIC_SetPriorityGrouping           0x080010b8   Section        0  stm32l4xx_hal_cortex.o(i.HAL_NVIC_SetPriorityGrouping)
    i.HAL_PWREx_ControlVoltageScaling        0x080010e0   Section        0  stm32l4xx_hal_pwr_ex.o(i.HAL_PWREx_ControlVoltageScaling)
    i.HAL_PWREx_GetVoltageRange              0x0800116c   Section        0  stm32l4xx_hal_pwr_ex.o(i.HAL_PWREx_GetVoltageRange)
    i.HAL_RCCEx_PeriphCLKConfig              0x0800117c   Section        0  stm32l4xx_hal_rcc_ex.o(i.HAL_RCCEx_PeriphCLKConfig)
    i.HAL_RCC_ClockConfig                    0x08001590   Section        0  stm32l4xx_hal_rcc.o(i.HAL_RCC_ClockConfig)
    i.HAL_RCC_GetHCLKFreq                    0x0800176c   Section        0  stm32l4xx_hal_rcc.o(i.HAL_RCC_GetHCLKFreq)
    i.HAL_RCC_GetSysClockFreq                0x08001778   Section        0  stm32l4xx_hal_rcc.o(i.HAL_RCC_GetSysClockFreq)
    i.HAL_RCC_OscConfig                      0x08001884   Section        0  stm32l4xx_hal_rcc.o(i.HAL_RCC_OscConfig)
    i.HAL_RTCEx_BKUPRead                     0x08001f18   Section        0  stm32l4xx_hal_rtc_ex.o(i.HAL_RTCEx_BKUPRead)
    i.HAL_RTCEx_BKUPWrite                    0x08001f2a   Section        0  stm32l4xx_hal_rtc_ex.o(i.HAL_RTCEx_BKUPWrite)
    i.HAL_RTC_Init                           0x08001f3c   Section        0  stm32l4xx_hal_rtc.o(i.HAL_RTC_Init)
    i.HAL_RTC_MspInit                        0x08002024   Section        0  rtc.o(i.HAL_RTC_MspInit)
    i.HAL_RTC_SetDate                        0x08002048   Section        0  stm32l4xx_hal_rtc.o(i.HAL_RTC_SetDate)
    i.HAL_RTC_SetTime                        0x0800216c   Section        0  stm32l4xx_hal_rtc.o(i.HAL_RTC_SetTime)
    i.HAL_RTC_WaitForSynchro                 0x080022b4   Section        0  stm32l4xx_hal_rtc.o(i.HAL_RTC_WaitForSynchro)
    i.HAL_SPI_Init                           0x080022ee   Section        0  stm32l4xx_hal_spi.o(i.HAL_SPI_Init)
    i.HAL_SPI_MspInit                        0x080023b0   Section        0  spi.o(i.HAL_SPI_MspInit)
    i.HAL_SPI_TransmitReceive                0x08002470   Section        0  stm32l4xx_hal_spi.o(i.HAL_SPI_TransmitReceive)
    i.HAL_SYSTICK_CLKSourceConfig            0x080026fe   Section        0  stm32l4xx_hal_cortex.o(i.HAL_SYSTICK_CLKSourceConfig)
    i.HAL_SYSTICK_Callback                   0x08002726   Section        0  stm32l4xx_hal_cortex.o(i.HAL_SYSTICK_Callback)
    i.HAL_SYSTICK_Config                     0x08002728   Section        0  stm32l4xx_hal_cortex.o(i.HAL_SYSTICK_Config)
    i.HAL_SYSTICK_IRQHandler                 0x0800275c   Section        0  stm32l4xx_hal_cortex.o(i.HAL_SYSTICK_IRQHandler)
    i.HAL_TIMEx_BreakCallback                0x08002764   Section        0  stm32l4xx_hal_tim_ex.o(i.HAL_TIMEx_BreakCallback)
    i.HAL_TIMEx_CommutationCallback          0x08002766   Section        0  stm32l4xx_hal_tim_ex.o(i.HAL_TIMEx_CommutationCallback)
    i.HAL_TIMEx_MasterConfigSynchronization  0x08002768   Section        0  stm32l4xx_hal_tim_ex.o(i.HAL_TIMEx_MasterConfigSynchronization)
    i.HAL_TIM_Base_Init                      0x080027c8   Section        0  stm32l4xx_hal_tim.o(i.HAL_TIM_Base_Init)
    i.HAL_TIM_Base_MspInit                   0x080027fc   Section        0  tim.o(i.HAL_TIM_Base_MspInit)
    i.HAL_TIM_ConfigClockSource              0x0800283c   Section        0  stm32l4xx_hal_tim.o(i.HAL_TIM_ConfigClockSource)
    i.HAL_TIM_IC_CaptureCallback             0x08002974   Section        0  stm32l4xx_hal_tim.o(i.HAL_TIM_IC_CaptureCallback)
    i.HAL_TIM_IRQHandler                     0x08002976   Section        0  stm32l4xx_hal_tim.o(i.HAL_TIM_IRQHandler)
    i.HAL_TIM_OC_DelayElapsedCallback        0x08002b0c   Section        0  stm32l4xx_hal_tim.o(i.HAL_TIM_OC_DelayElapsedCallback)
    i.HAL_TIM_PWM_PulseFinishedCallback      0x08002b0e   Section        0  stm32l4xx_hal_tim.o(i.HAL_TIM_PWM_PulseFinishedCallback)
    i.HAL_TIM_PeriodElapsedCallback          0x08002b10   Section        0  tim.o(i.HAL_TIM_PeriodElapsedCallback)
    i.HAL_TIM_TriggerCallback                0x08002b7c   Section        0  stm32l4xx_hal_tim.o(i.HAL_TIM_TriggerCallback)
    i.LPTIM1_IRQHandler                      0x08002b80   Section        0  stm32l4xx_it.o(i.LPTIM1_IRQHandler)
    i.LPTIM2_IRQHandler                      0x08002b90   Section        0  stm32l4xx_it.o(i.LPTIM2_IRQHandler)
    i.MX_ADC1_Init                           0x08002ba0   Section        0  adc.o(i.MX_ADC1_Init)
    i.MX_GPIO_Init                           0x08002c28   Section        0  gpio.o(i.MX_GPIO_Init)
    i.MX_LPTIM1_Init                         0x08002dd4   Section        0  lptim.o(i.MX_LPTIM1_Init)
    i.MX_LPTIM2_Init                         0x08002e24   Section        0  lptim.o(i.MX_LPTIM2_Init)
    i.MX_RTC_Init                            0x08002e74   Section        0  rtc.o(i.MX_RTC_Init)
    i.MX_SPI1_Init                           0x08002f2c   Section        0  spi.o(i.MX_SPI1_Init)
    i.MX_SPI2_Init                           0x08002f90   Section        0  spi.o(i.MX_SPI2_Init)
    i.MX_TIM2_Init                           0x08002ff4   Section        0  tim.o(i.MX_TIM2_Init)
    i.NVIC_GetPriorityGrouping               0x0800306c   Section        0  stm32l4xx_hal_cortex.o(i.NVIC_GetPriorityGrouping)
    NVIC_GetPriorityGrouping                 0x0800306d   Thumb Code    10  stm32l4xx_hal_cortex.o(i.NVIC_GetPriorityGrouping)
    i.NVIC_SetPriority                       0x0800307c   Section        0  stm32l4xx_hal_cortex.o(i.NVIC_SetPriority)
    NVIC_SetPriority                         0x0800307d   Thumb Code    32  stm32l4xx_hal_cortex.o(i.NVIC_SetPriority)
    i.RCCEx_PLLSAI1_Config                   0x080030a4   Section        0  stm32l4xx_hal_rcc_ex.o(i.RCCEx_PLLSAI1_Config)
    RCCEx_PLLSAI1_Config                     0x080030a5   Thumb Code   378  stm32l4xx_hal_rcc_ex.o(i.RCCEx_PLLSAI1_Config)
    i.RCC_SetFlashLatencyFromMSIRange        0x08003230   Section        0  stm32l4xx_hal_rcc.o(i.RCC_SetFlashLatencyFromMSIRange)
    RCC_SetFlashLatencyFromMSIRange          0x08003231   Thumb Code   150  stm32l4xx_hal_rcc.o(i.RCC_SetFlashLatencyFromMSIRange)
    i.RTC_Bcd2ToByte                         0x080032d0   Section        0  stm32l4xx_hal_rtc.o(i.RTC_Bcd2ToByte)
    i.RTC_ByteToBcd2                         0x080032e6   Section        0  stm32l4xx_hal_rtc.o(i.RTC_ByteToBcd2)
    i.RTC_EnterInitMode                      0x08003300   Section        0  stm32l4xx_hal_rtc.o(i.RTC_EnterInitMode)
    i.SD_DisSelect                           0x08003340   Section        0  sd.o(i.SD_DisSelect)
    i.SD_GetCSD                              0x08003358   Section        0  sd.o(i.SD_GetCSD)
    i.SD_GetResponse                         0x08003382   Section        0  sd.o(i.SD_GetResponse)
    i.SD_GetSectorCount                      0x080033a8   Section        0  sd.o(i.SD_GetSectorCount)
    i.SD_Init                                0x08003420   Section        0  sd.o(i.SD_Init)
    i.SD_ReadDisk                            0x08003594   Section        0  sd.o(i.SD_ReadDisk)
    i.SD_RecvData                            0x08003610   Section        0  sd.o(i.SD_RecvData)
    i.SD_Select                              0x0800364c   Section        0  sd.o(i.SD_Select)
    i.SD_SendBlock                           0x08003670   Section        0  sd.o(i.SD_SendBlock)
    i.SD_SendCmd                             0x080036c2   Section        0  sd.o(i.SD_SendCmd)
    i.SD_WaitReady                           0x0800373c   Section        0  sd.o(i.SD_WaitReady)
    i.SD_WriteDisk                           0x08003760   Section        0  sd.o(i.SD_WriteDisk)
    i.SPI2_HighSpeed                         0x080037f0   Section        0  spi.o(i.SPI2_HighSpeed)
    i.SPI2_LowSpeed                          0x080037f8   Section        0  spi.o(i.SPI2_LowSpeed)
    i.SPI2_ReadWriteByte                     0x0800385c   Section        0  spi.o(i.SPI2_ReadWriteByte)
    i.SPI_EndRxTxTransaction                 0x08003880   Section        0  stm32l4xx_hal_spi.o(i.SPI_EndRxTxTransaction)
    SPI_EndRxTxTransaction                   0x08003881   Thumb Code   100  stm32l4xx_hal_spi.o(i.SPI_EndRxTxTransaction)
    i.SPI_WaitFifoStateUntilTimeout          0x080038e4   Section        0  stm32l4xx_hal_spi.o(i.SPI_WaitFifoStateUntilTimeout)
    SPI_WaitFifoStateUntilTimeout            0x080038e5   Thumb Code   176  stm32l4xx_hal_spi.o(i.SPI_WaitFifoStateUntilTimeout)
    i.SPI_WaitFlagStateUntilTimeout          0x08003994   Section        0  stm32l4xx_hal_spi.o(i.SPI_WaitFlagStateUntilTimeout)
    SPI_WaitFlagStateUntilTimeout            0x08003995   Thumb Code   168  stm32l4xx_hal_spi.o(i.SPI_WaitFlagStateUntilTimeout)
    i.SysTick_Handler                        0x08003a3c   Section        0  stm32l4xx_it.o(i.SysTick_Handler)
    i.SystemClock_Config                     0x08003a48   Section        0  main.o(i.SystemClock_Config)
    i.SystemInit                             0x08003b08   Section        0  system_stm32l4xx.o(i.SystemInit)
    i.TIM2_IRQHandler                        0x08003b58   Section        0  stm32l4xx_it.o(i.TIM2_IRQHandler)
    i.TIM_Base_SetConfig                     0x08003b68   Section        0  stm32l4xx_hal_tim.o(i.TIM_Base_SetConfig)
    i.TIM_ETR_SetConfig                      0x08003bec   Section        0  stm32l4xx_hal_tim.o(i.TIM_ETR_SetConfig)
    i.TIM_ITRx_SetConfig                     0x08003c04   Section        0  stm32l4xx_hal_tim.o(i.TIM_ITRx_SetConfig)
    TIM_ITRx_SetConfig                       0x08003c05   Thumb Code    20  stm32l4xx_hal_tim.o(i.TIM_ITRx_SetConfig)
    i.TIM_TI1_ConfigInputStage               0x08003c18   Section        0  stm32l4xx_hal_tim.o(i.TIM_TI1_ConfigInputStage)
    TIM_TI1_ConfigInputStage                 0x08003c19   Thumb Code    42  stm32l4xx_hal_tim.o(i.TIM_TI1_ConfigInputStage)
    i.TIM_TI2_ConfigInputStage               0x08003c42   Section        0  stm32l4xx_hal_tim.o(i.TIM_TI2_ConfigInputStage)
    TIM_TI2_ConfigInputStage                 0x08003c43   Thumb Code    44  stm32l4xx_hal_tim.o(i.TIM_TI2_ConfigInputStage)
    i.Timer_ndays_On                         0x08003c70   Section        0  lptim.o(i.Timer_ndays_On)
    i._Error_Handler                         0x08003c9c   Section        0  main.o(i._Error_Handler)
    i.__scatterload_copy                     0x08003ca0   Section       14  handlers.o(i.__scatterload_copy)
    i.__scatterload_null                     0x08003cae   Section        2  handlers.o(i.__scatterload_null)
    i.__scatterload_zeroinit                 0x08003cb0   Section       14  handlers.o(i.__scatterload_zeroinit)
    i.check_fs                               0x08003cc0   Section        0  ff.o(i.check_fs)
    check_fs                                 0x08003cc1   Thumb Code   140  ff.o(i.check_fs)
    i.chk_chr                                0x08003d50   Section        0  ff.o(i.chk_chr)
    chk_chr                                  0x08003d51   Thumb Code    20  ff.o(i.chk_chr)
    i.clmt_clust                             0x08003d64   Section        0  ff.o(i.clmt_clust)
    clmt_clust                               0x08003d65   Thumb Code    50  ff.o(i.clmt_clust)
    i.clust2sect                             0x08003d96   Section        0  ff.o(i.clust2sect)
    i.create_chain                           0x08003db0   Section        0  ff.o(i.create_chain)
    create_chain                             0x08003db1   Thumb Code   214  ff.o(i.create_chain)
    i.create_name                            0x08003e88   Section        0  ff.o(i.create_name)
    create_name                              0x08003e89   Thumb Code   328  ff.o(i.create_name)
    i.dir_alloc                              0x08003fe6   Section        0  ff.o(i.dir_alloc)
    dir_alloc                                0x08003fe7   Thumb Code    92  ff.o(i.dir_alloc)
    i.dir_find                               0x08004042   Section        0  ff.o(i.dir_find)
    dir_find                                 0x08004043   Thumb Code    92  ff.o(i.dir_find)
    i.dir_next                               0x0800409e   Section        0  ff.o(i.dir_next)
    dir_next                                 0x0800409f   Thumb Code   272  ff.o(i.dir_next)
    i.dir_register                           0x080041ae   Section        0  ff.o(i.dir_register)
    dir_register                             0x080041af   Thumb Code    58  ff.o(i.dir_register)
    i.dir_sdi                                0x080041e8   Section        0  ff.o(i.dir_sdi)
    dir_sdi                                  0x080041e9   Thumb Code   158  ff.o(i.dir_sdi)
    i.disk_initialize                        0x08004286   Section        0  diskio.o(i.disk_initialize)
    i.disk_ioctl                             0x080042ac   Section        0  diskio.o(i.disk_ioctl)
    i.disk_read                              0x08004318   Section        0  diskio.o(i.disk_read)
    i.disk_status                            0x08004356   Section        0  diskio.o(i.disk_status)
    i.disk_write                             0x0800435c   Section        0  diskio.o(i.disk_write)
    i.f_close                                0x08004388   Section        0  ff.o(i.f_close)
    i.f_mount                                0x080043a8   Section        0  ff.o(i.f_mount)
    i.f_open                                 0x08004404   Section        0  ff.o(i.f_open)
    i.f_read                                 0x08004568   Section        0  ff.o(i.f_read)
    i.f_sync                                 0x0800471e   Section        0  ff.o(i.f_sync)
    i.f_write                                0x080047ce   Section        0  ff.o(i.f_write)
    i.find_volume                            0x080049c8   Section        0  ff.o(i.find_volume)
    find_volume                              0x080049c9   Thumb Code   886  ff.o(i.find_volume)
    i.follow_path                            0x08004d56   Section        0  ff.o(i.follow_path)
    follow_path                              0x08004d57   Thumb Code   144  ff.o(i.follow_path)
    i.free                                   0x08004de8   Section        0  malloc.o(i.free)
    i.get_fat                                0x08004e38   Section        0  ff.o(i.get_fat)
    i.get_fattime                            0x08004f20   Section        0  diskio.o(i.get_fattime)
    i.get_ldnumber                           0x08004f24   Section        0  ff.o(i.get_ldnumber)
    get_ldnumber                             0x08004f25   Thumb Code    72  ff.o(i.get_ldnumber)
    i.ld_clust                               0x08004f6c   Section        0  ff.o(i.ld_clust)
    ld_clust                                 0x08004f6d   Thumb Code    32  ff.o(i.ld_clust)
    i.main                                   0x08004f8c   Section        0  main.o(i.main)
    i.malloc                                 0x08004fc4   Section        0  malloc.o(i.malloc)
    i.mem_cmp                                0x08005030   Section        0  ff.o(i.mem_cmp)
    mem_cmp                                  0x08005031   Thumb Code    38  ff.o(i.mem_cmp)
    i.mem_cpy                                0x08005056   Section        0  ff.o(i.mem_cpy)
    mem_cpy                                  0x08005057   Thumb Code    26  ff.o(i.mem_cpy)
    i.mem_set                                0x08005070   Section        0  ff.o(i.mem_set)
    mem_set                                  0x08005071   Thumb Code    20  ff.o(i.mem_set)
    i.move_window                            0x08005084   Section        0  ff.o(i.move_window)
    move_window                              0x08005085   Thumb Code    50  ff.o(i.move_window)
    i.put_fat                                0x080050b6   Section        0  ff.o(i.put_fat)
    i.remove_chain                           0x080051ec   Section        0  ff.o(i.remove_chain)
    remove_chain                             0x080051ed   Thumb Code   108  ff.o(i.remove_chain)
    i.st_clust                               0x08005258   Section        0  ff.o(i.st_clust)
    st_clust                                 0x08005259   Thumb Code    16  ff.o(i.st_clust)
    i.sync_fs                                0x08005268   Section        0  ff.o(i.sync_fs)
    sync_fs                                  0x08005269   Thumb Code   200  ff.o(i.sync_fs)
    i.sync_window                            0x08005330   Section        0  ff.o(i.sync_window)
    sync_window                              0x08005331   Thumb Code    76  ff.o(i.sync_window)
    i.validate                               0x0800537c   Section        0  ff.o(i.validate)
    validate                                 0x0800537d   Thumb Code    54  ff.o(i.validate)
    .constdata                               0x080053b4   Section       72  system_stm32l4xx.o(.constdata)
    .data                                    0x20000000   Section       12  lptim.o(.data)
    lptime1_s                                0x20000000   Data           4  lptim.o(.data)
    lptime2_s                                0x20000004   Data           4  lptim.o(.data)
    lptime2_days                             0x20000008   Data           4  lptim.o(.data)
    .data                                    0x2000000c   Section       48  sys_value.o(.data)
    .data                                    0x2000003c   Section        1  sd.o(.data)
    .data                                    0x20000040   Section        6  ff.o(.data)
    FatFs                                    0x20000040   Data           4  ff.o(.data)
    Fsid                                     0x20000044   Data           2  ff.o(.data)
    .data                                    0x20000048   Section       41  fatfs.o(.data)
    .data                                    0x20000074   Section        4  stm32l4xx_hal.o(.data)
    .data                                    0x20000078   Section        4  system_stm32l4xx.o(.data)
    .data                                    0x2000007c   Section        4  mvars.o(.data)
    .data                                    0x20000080   Section        4  mvars.o(.data)
    .bss                                     0x20000084   Section      108  adc.o(.bss)
    .bss                                     0x200000f0   Section       36  rtc.o(.bss)
    .bss                                     0x20000114   Section       64  tim.o(.bss)
    .bss                                     0x20000154   Section      200  spi.o(.bss)
    .bss                                     0x2000021c   Section      112  lptim.o(.bss)
    .bss                                     0x2000028c   Section      652  fatfs.o(.bss)
    HEAP                                     0x20000518   Section     8192  startup_stm32l452xx.o(HEAP)
    STACK                                    0x20002518   Section     1024  startup_stm32l452xx.o(STACK)

    Global Symbols

    Symbol Name                              Value     Ov Type        Size  Object(Section)

    BuildAttributes$$THM_ISAv4$E$P$D$K$B$S$7EM$VFPi3$EXTD16$VFPS$VFMA$PE$A:L22UL41UL21$X:L11$S22US41US21$IEEE1$IW$USESV6$~STKCKD$USESV7$~SHL$OTIME$ROPI$EBA8$MICROLIB$REQ8$PRES8$EABIv2 0x00000000   Number         0  anon$$obj.o ABSOLUTE
    __ARM_use_no_argv                        0x00000000   Number         0  main.o ABSOLUTE
    __cpp_initialize__aeabi_                  - Undefined Weak Reference
    __cxa_finalize                            - Undefined Weak Reference
    __decompress                              - Undefined Weak Reference
    _clock_init                               - Undefined Weak Reference
    _microlib_exit                            - Undefined Weak Reference
    __Vectors_Size                           0x00000194   Number         0  startup_stm32l452xx.o ABSOLUTE
    __Vectors                                0x08000000   Data           4  startup_stm32l452xx.o(RESET)
    __Vectors_End                            0x08000194   Data           0  startup_stm32l452xx.o(RESET)
    __main                                   0x08000195   Thumb Code     0  entry.o(.ARM.Collect$$$$00000000)
    _main_stk                                0x08000195   Thumb Code     0  entry2.o(.ARM.Collect$$$$00000001)
    _main_scatterload                        0x08000199   Thumb Code     0  entry5.o(.ARM.Collect$$$$00000004)
    __main_after_scatterload                 0x0800019d   Thumb Code     0  entry5.o(.ARM.Collect$$$$00000004)
    _main_clock                              0x0800019d   Thumb Code     0  entry7b.o(.ARM.Collect$$$$00000008)
    _main_cpp_init                           0x0800019d   Thumb Code     0  entry8b.o(.ARM.Collect$$$$0000000A)
    _main_init                               0x0800019d   Thumb Code     0  entry9a.o(.ARM.Collect$$$$0000000B)
    __rt_final_cpp                           0x080001a5   Thumb Code     0  entry10a.o(.ARM.Collect$$$$0000000D)
    __rt_final_exit                          0x080001a5   Thumb Code     0  entry11a.o(.ARM.Collect$$$$0000000F)
    Reset_Handler                            0x080001a9   Thumb Code     8  startup_stm32l452xx.o(.text)
    NMI_Handler                              0x080001b1   Thumb Code     2  startup_stm32l452xx.o(.text)
    HardFault_Handler                        0x080001b3   Thumb Code     2  startup_stm32l452xx.o(.text)
    MemManage_Handler                        0x080001b5   Thumb Code     2  startup_stm32l452xx.o(.text)
    BusFault_Handler                         0x080001b7   Thumb Code     2  startup_stm32l452xx.o(.text)
    UsageFault_Handler                       0x080001b9   Thumb Code     2  startup_stm32l452xx.o(.text)
    SVC_Handler                              0x080001bb   Thumb Code     2  startup_stm32l452xx.o(.text)
    DebugMon_Handler                         0x080001bd   Thumb Code     2  startup_stm32l452xx.o(.text)
    PendSV_Handler                           0x080001bf   Thumb Code     2  startup_stm32l452xx.o(.text)
    ADC1_IRQHandler                          0x080001c3   Thumb Code     0  startup_stm32l452xx.o(.text)
    CAN1_RX0_IRQHandler                      0x080001c3   Thumb Code     0  startup_stm32l452xx.o(.text)
    CAN1_RX1_IRQHandler                      0x080001c3   Thumb Code     0  startup_stm32l452xx.o(.text)
    CAN1_SCE_IRQHandler                      0x080001c3   Thumb Code     0  startup_stm32l452xx.o(.text)
    CAN1_TX_IRQHandler                       0x080001c3   Thumb Code     0  startup_stm32l452xx.o(.text)
    COMP_IRQHandler                          0x080001c3   Thumb Code     0  startup_stm32l452xx.o(.text)
    CRS_IRQHandler                           0x080001c3   Thumb Code     0  startup_stm32l452xx.o(.text)
    DFSDM1_FLT0_IRQHandler                   0x080001c3   Thumb Code     0  startup_stm32l452xx.o(.text)
    DFSDM1_FLT1_IRQHandler                   0x080001c3   Thumb Code     0  startup_stm32l452xx.o(.text)
    DMA1_Channel1_IRQHandler                 0x080001c3   Thumb Code     0  startup_stm32l452xx.o(.text)
    DMA1_Channel2_IRQHandler                 0x080001c3   Thumb Code     0  startup_stm32l452xx.o(.text)
    DMA1_Channel3_IRQHandler                 0x080001c3   Thumb Code     0  startup_stm32l452xx.o(.text)
    DMA1_Channel4_IRQHandler                 0x080001c3   Thumb Code     0  startup_stm32l452xx.o(.text)
    DMA1_Channel5_IRQHandler                 0x080001c3   Thumb Code     0  startup_stm32l452xx.o(.text)
    DMA1_Channel6_IRQHandler                 0x080001c3   Thumb Code     0  startup_stm32l452xx.o(.text)
    DMA1_Channel7_IRQHandler                 0x080001c3   Thumb Code     0  startup_stm32l452xx.o(.text)
    DMA2_Channel1_IRQHandler                 0x080001c3   Thumb Code     0  startup_stm32l452xx.o(.text)
    DMA2_Channel2_IRQHandler                 0x080001c3   Thumb Code     0  startup_stm32l452xx.o(.text)
    DMA2_Channel3_IRQHandler                 0x080001c3   Thumb Code     0  startup_stm32l452xx.o(.text)
    DMA2_Channel4_IRQHandler                 0x080001c3   Thumb Code     0  startup_stm32l452xx.o(.text)
    DMA2_Channel5_IRQHandler                 0x080001c3   Thumb Code     0  startup_stm32l452xx.o(.text)
    DMA2_Channel6_IRQHandler                 0x080001c3   Thumb Code     0  startup_stm32l452xx.o(.text)
    DMA2_Channel7_IRQHandler                 0x080001c3   Thumb Code     0  startup_stm32l452xx.o(.text)
    EXTI0_IRQHandler                         0x080001c3   Thumb Code     0  startup_stm32l452xx.o(.text)
    EXTI15_10_IRQHandler                     0x080001c3   Thumb Code     0  startup_stm32l452xx.o(.text)
    EXTI1_IRQHandler                         0x080001c3   Thumb Code     0  startup_stm32l452xx.o(.text)
    EXTI2_IRQHandler                         0x080001c3   Thumb Code     0  startup_stm32l452xx.o(.text)
    EXTI3_IRQHandler                         0x080001c3   Thumb Code     0  startup_stm32l452xx.o(.text)
    EXTI4_IRQHandler                         0x080001c3   Thumb Code     0  startup_stm32l452xx.o(.text)
    EXTI9_5_IRQHandler                       0x080001c3   Thumb Code     0  startup_stm32l452xx.o(.text)
    FLASH_IRQHandler                         0x080001c3   Thumb Code     0  startup_stm32l452xx.o(.text)
    FPU_IRQHandler                           0x080001c3   Thumb Code     0  startup_stm32l452xx.o(.text)
    I2C1_ER_IRQHandler                       0x080001c3   Thumb Code     0  startup_stm32l452xx.o(.text)
    I2C1_EV_IRQHandler                       0x080001c3   Thumb Code     0  startup_stm32l452xx.o(.text)
    I2C2_ER_IRQHandler                       0x080001c3   Thumb Code     0  startup_stm32l452xx.o(.text)
    I2C2_EV_IRQHandler                       0x080001c3   Thumb Code     0  startup_stm32l452xx.o(.text)
    I2C3_ER_IRQHandler                       0x080001c3   Thumb Code     0  startup_stm32l452xx.o(.text)
    I2C3_EV_IRQHandler                       0x080001c3   Thumb Code     0  startup_stm32l452xx.o(.text)
    I2C4_ER_IRQHandler                       0x080001c3   Thumb Code     0  startup_stm32l452xx.o(.text)
    I2C4_EV_IRQHandler                       0x080001c3   Thumb Code     0  startup_stm32l452xx.o(.text)
    LPUART1_IRQHandler                       0x080001c3   Thumb Code     0  startup_stm32l452xx.o(.text)
    PVD_PVM_IRQHandler                       0x080001c3   Thumb Code     0  startup_stm32l452xx.o(.text)
    QUADSPI_IRQHandler                       0x080001c3   Thumb Code     0  startup_stm32l452xx.o(.text)
    RCC_IRQHandler                           0x080001c3   Thumb Code     0  startup_stm32l452xx.o(.text)
    RNG_IRQHandler                           0x080001c3   Thumb Code     0  startup_stm32l452xx.o(.text)
    RTC_Alarm_IRQHandler                     0x080001c3   Thumb Code     0  startup_stm32l452xx.o(.text)
    RTC_WKUP_IRQHandler                      0x080001c3   Thumb Code     0  startup_stm32l452xx.o(.text)
    SAI1_IRQHandler                          0x080001c3   Thumb Code     0  startup_stm32l452xx.o(.text)
    SDMMC1_IRQHandler                        0x080001c3   Thumb Code     0  startup_stm32l452xx.o(.text)
    SPI1_IRQHandler                          0x080001c3   Thumb Code     0  startup_stm32l452xx.o(.text)
    SPI2_IRQHandler                          0x080001c3   Thumb Code     0  startup_stm32l452xx.o(.text)
    SPI3_IRQHandler                          0x080001c3   Thumb Code     0  startup_stm32l452xx.o(.text)
    TAMP_STAMP_IRQHandler                    0x080001c3   Thumb Code     0  startup_stm32l452xx.o(.text)
    TIM1_BRK_TIM15_IRQHandler                0x080001c3   Thumb Code     0  startup_stm32l452xx.o(.text)
    TIM1_CC_IRQHandler                       0x080001c3   Thumb Code     0  startup_stm32l452xx.o(.text)
    TIM1_TRG_COM_IRQHandler                  0x080001c3   Thumb Code     0  startup_stm32l452xx.o(.text)
    TIM1_UP_TIM16_IRQHandler                 0x080001c3   Thumb Code     0  startup_stm32l452xx.o(.text)
    TIM3_IRQHandler                          0x080001c3   Thumb Code     0  startup_stm32l452xx.o(.text)
    TIM6_DAC_IRQHandler                      0x080001c3   Thumb Code     0  startup_stm32l452xx.o(.text)
    TSC_IRQHandler                           0x080001c3   Thumb Code     0  startup_stm32l452xx.o(.text)
    UART4_IRQHandler                         0x080001c3   Thumb Code     0  startup_stm32l452xx.o(.text)
    USART1_IRQHandler                        0x080001c3   Thumb Code     0  startup_stm32l452xx.o(.text)
    USART2_IRQHandler                        0x080001c3   Thumb Code     0  startup_stm32l452xx.o(.text)
    USART3_IRQHandler                        0x080001c3   Thumb Code     0  startup_stm32l452xx.o(.text)
    USB_IRQHandler                           0x080001c3   Thumb Code     0  startup_stm32l452xx.o(.text)
    WWDG_IRQHandler                          0x080001c3   Thumb Code     0  startup_stm32l452xx.o(.text)
    __scatterload                            0x080001cd   Thumb Code    28  init.o(.text)
    __scatterload_rt2                        0x080001cd   Thumb Code     0  init.o(.text)
    FATFS_Test                               0x080001f1   Thumb Code   280  fatfs.o(i.FATFS_Test)
    HAL_ADC_ConfigChannel                    0x08000331   Thumb Code  1162  stm32l4xx_hal_adc.o(i.HAL_ADC_ConfigChannel)
    HAL_ADC_Init                             0x080007d1   Thumb Code   486  stm32l4xx_hal_adc.o(i.HAL_ADC_Init)
    HAL_ADC_MspInit                          0x080009c9   Thumb Code    66  adc.o(i.HAL_ADC_MspInit)
    HAL_GPIO_Init                            0x08000a19   Thumb Code   432  stm32l4xx_hal_gpio.o(i.HAL_GPIO_Init)
    HAL_GPIO_WritePin                        0x08000be5   Thumb Code    10  stm32l4xx_hal_gpio.o(i.HAL_GPIO_WritePin)
    HAL_GetTick                              0x08000bf1   Thumb Code     6  stm32l4xx_hal.o(i.HAL_GetTick)
    HAL_IncTick                              0x08000bfd   Thumb Code    12  stm32l4xx_hal.o(i.HAL_IncTick)
    HAL_Init                                 0x08000c0d   Thumb Code    34  stm32l4xx_hal.o(i.HAL_Init)
    HAL_InitTick                             0x08000c35   Thumb Code    36  stm32l4xx_hal.o(i.HAL_InitTick)
    HAL_LPTIM_AutoReloadMatchCallback        0x08000c5d   Thumb Code   122  lptim.o(i.HAL_LPTIM_AutoReloadMatchCallback)
    HAL_LPTIM_AutoReloadWriteCallback        0x08000cf9   Thumb Code     2  stm32l4xx_hal_lptim.o(i.HAL_LPTIM_AutoReloadWriteCallback)
    HAL_LPTIM_CompareMatchCallback           0x08000cfb   Thumb Code     2  stm32l4xx_hal_lptim.o(i.HAL_LPTIM_CompareMatchCallback)
    HAL_LPTIM_CompareWriteCallback           0x08000cfd   Thumb Code     2  stm32l4xx_hal_lptim.o(i.HAL_LPTIM_CompareWriteCallback)
    HAL_LPTIM_Counter_Start_IT               0x08000cff   Thumb Code    96  stm32l4xx_hal_lptim.o(i.HAL_LPTIM_Counter_Start_IT)
    HAL_LPTIM_DirectionDownCallback          0x08000d5f   Thumb Code     2  stm32l4xx_hal_lptim.o(i.HAL_LPTIM_DirectionDownCallback)
    HAL_LPTIM_DirectionUpCallback            0x08000d61   Thumb Code     2  stm32l4xx_hal_lptim.o(i.HAL_LPTIM_DirectionUpCallback)
    HAL_LPTIM_IRQHandler                     0x08000d63   Thumb Code   230  stm32l4xx_hal_lptim.o(i.HAL_LPTIM_IRQHandler)
    HAL_LPTIM_Init                           0x08000e49   Thumb Code   186  stm32l4xx_hal_lptim.o(i.HAL_LPTIM_Init)
    HAL_LPTIM_MspInit                        0x08000f0d   Thumb Code   112  lptim.o(i.HAL_LPTIM_MspInit)
    HAL_LPTIM_TriggerCallback                0x08000f89   Thumb Code     2  stm32l4xx_hal_lptim.o(i.HAL_LPTIM_TriggerCallback)
    HAL_MspInit                              0x08000f8d   Thumb Code   140  stm32l4xx_hal_msp.o(i.HAL_MspInit)
    HAL_NVIC_EnableIRQ                       0x0800101d   Thumb Code    26  stm32l4xx_hal_cortex.o(i.HAL_NVIC_EnableIRQ)
    HAL_NVIC_SetPriority                     0x08001037   Thumb Code   124  stm32l4xx_hal_cortex.o(i.HAL_NVIC_SetPriority)
    HAL_NVIC_SetPriorityGrouping             0x080010b9   Thumb Code    32  stm32l4xx_hal_cortex.o(i.HAL_NVIC_SetPriorityGrouping)
    HAL_PWREx_ControlVoltageScaling          0x080010e1   Thumb Code   128  stm32l4xx_hal_pwr_ex.o(i.HAL_PWREx_ControlVoltageScaling)
    HAL_PWREx_GetVoltageRange                0x0800116d   Thumb Code    10  stm32l4xx_hal_pwr_ex.o(i.HAL_PWREx_GetVoltageRange)
    HAL_RCCEx_PeriphCLKConfig                0x0800117d   Thumb Code  1044  stm32l4xx_hal_rcc_ex.o(i.HAL_RCCEx_PeriphCLKConfig)
    HAL_RCC_ClockConfig                      0x08001591   Thumb Code   458  stm32l4xx_hal_rcc.o(i.HAL_RCC_ClockConfig)
    HAL_RCC_GetHCLKFreq                      0x0800176d   Thumb Code     6  stm32l4xx_hal_rcc.o(i.HAL_RCC_GetHCLKFreq)
    HAL_RCC_GetSysClockFreq                  0x08001779   Thumb Code   252  stm32l4xx_hal_rcc.o(i.HAL_RCC_GetSysClockFreq)
    HAL_RCC_OscConfig                        0x08001885   Thumb Code  1672  stm32l4xx_hal_rcc.o(i.HAL_RCC_OscConfig)
    HAL_RTCEx_BKUPRead                       0x08001f19   Thumb Code    18  stm32l4xx_hal_rtc_ex.o(i.HAL_RTCEx_BKUPRead)
    HAL_RTCEx_BKUPWrite                      0x08001f2b   Thumb Code    18  stm32l4xx_hal_rtc_ex.o(i.HAL_RTCEx_BKUPWrite)
    HAL_RTC_Init                             0x08001f3d   Thumb Code   228  stm32l4xx_hal_rtc.o(i.HAL_RTC_Init)
    HAL_RTC_MspInit                          0x08002025   Thumb Code    26  rtc.o(i.HAL_RTC_MspInit)
    HAL_RTC_SetDate                          0x08002049   Thumb Code   288  stm32l4xx_hal_rtc.o(i.HAL_RTC_SetDate)
    HAL_RTC_SetTime                          0x0800216d   Thumb Code   322  stm32l4xx_hal_rtc.o(i.HAL_RTC_SetTime)
    HAL_RTC_WaitForSynchro                   0x080022b5   Thumb Code    58  stm32l4xx_hal_rtc.o(i.HAL_RTC_WaitForSynchro)
    HAL_SPI_Init                             0x080022ef   Thumb Code   192  stm32l4xx_hal_spi.o(i.HAL_SPI_Init)
    HAL_SPI_MspInit                          0x080023b1   Thumb Code   172  spi.o(i.HAL_SPI_MspInit)
    HAL_SPI_TransmitReceive                  0x08002471   Thumb Code   648  stm32l4xx_hal_spi.o(i.HAL_SPI_TransmitReceive)
    HAL_SYSTICK_CLKSourceConfig              0x080026ff   Thumb Code    40  stm32l4xx_hal_cortex.o(i.HAL_SYSTICK_CLKSourceConfig)
    HAL_SYSTICK_Callback                     0x08002727   Thumb Code     2  stm32l4xx_hal_cortex.o(i.HAL_SYSTICK_Callback)
    HAL_SYSTICK_Config                       0x08002729   Thumb Code    52  stm32l4xx_hal_cortex.o(i.HAL_SYSTICK_Config)
    HAL_SYSTICK_IRQHandler                   0x0800275d   Thumb Code     8  stm32l4xx_hal_cortex.o(i.HAL_SYSTICK_IRQHandler)
    HAL_TIMEx_BreakCallback                  0x08002765   Thumb Code     2  stm32l4xx_hal_tim_ex.o(i.HAL_TIMEx_BreakCallback)
    HAL_TIMEx_CommutationCallback            0x08002767   Thumb Code     2  stm32l4xx_hal_tim_ex.o(i.HAL_TIMEx_CommutationCallback)
    HAL_TIMEx_MasterConfigSynchronization    0x08002769   Thumb Code    90  stm32l4xx_hal_tim_ex.o(i.HAL_TIMEx_MasterConfigSynchronization)
    HAL_TIM_Base_Init                        0x080027c9   Thumb Code    52  stm32l4xx_hal_tim.o(i.HAL_TIM_Base_Init)
    HAL_TIM_Base_MspInit                     0x080027fd   Thumb Code    58  tim.o(i.HAL_TIM_Base_MspInit)
    HAL_TIM_ConfigClockSource                0x0800283d   Thumb Code   308  stm32l4xx_hal_tim.o(i.HAL_TIM_ConfigClockSource)
    HAL_TIM_IC_CaptureCallback               0x08002975   Thumb Code     2  stm32l4xx_hal_tim.o(i.HAL_TIM_IC_CaptureCallback)
    HAL_TIM_IRQHandler                       0x08002977   Thumb Code   406  stm32l4xx_hal_tim.o(i.HAL_TIM_IRQHandler)
    HAL_TIM_OC_DelayElapsedCallback          0x08002b0d   Thumb Code     2  stm32l4xx_hal_tim.o(i.HAL_TIM_OC_DelayElapsedCallback)
    HAL_TIM_PWM_PulseFinishedCallback        0x08002b0f   Thumb Code     2  stm32l4xx_hal_tim.o(i.HAL_TIM_PWM_PulseFinishedCallback)
    HAL_TIM_PeriodElapsedCallback            0x08002b11   Thumb Code    92  tim.o(i.HAL_TIM_PeriodElapsedCallback)
    HAL_TIM_TriggerCallback                  0x08002b7d   Thumb Code     2  stm32l4xx_hal_tim.o(i.HAL_TIM_TriggerCallback)
    LPTIM1_IRQHandler                        0x08002b81   Thumb Code    10  stm32l4xx_it.o(i.LPTIM1_IRQHandler)
    LPTIM2_IRQHandler                        0x08002b91   Thumb Code    10  stm32l4xx_it.o(i.LPTIM2_IRQHandler)
    MX_ADC1_Init                             0x08002ba1   Thumb Code   110  adc.o(i.MX_ADC1_Init)
    MX_GPIO_Init                             0x08002c29   Thumb Code   404  gpio.o(i.MX_GPIO_Init)
    MX_LPTIM1_Init                           0x08002dd5   Thumb Code    54  lptim.o(i.MX_LPTIM1_Init)
    MX_LPTIM2_Init                           0x08002e25   Thumb Code    54  lptim.o(i.MX_LPTIM2_Init)
    MX_RTC_Init                              0x08002e75   Thumb Code   158  rtc.o(i.MX_RTC_Init)
    MX_SPI1_Init                             0x08002f2d   Thumb Code    74  spi.o(i.MX_SPI1_Init)
    MX_SPI2_Init                             0x08002f91   Thumb Code    74  spi.o(i.MX_SPI2_Init)
    MX_TIM2_Init                             0x08002ff5   Thumb Code    98  tim.o(i.MX_TIM2_Init)
    RTC_Bcd2ToByte                           0x080032d1   Thumb Code    22  stm32l4xx_hal_rtc.o(i.RTC_Bcd2ToByte)
    RTC_ByteToBcd2                           0x080032e7   Thumb Code    26  stm32l4xx_hal_rtc.o(i.RTC_ByteToBcd2)
    RTC_EnterInitMode                        0x08003301   Thumb Code    62  stm32l4xx_hal_rtc.o(i.RTC_EnterInitMode)
    SD_DisSelect                             0x08003341   Thumb Code    20  sd.o(i.SD_DisSelect)
    SD_GetCSD                                0x08003359   Thumb Code    42  sd.o(i.SD_GetCSD)
    SD_GetResponse                           0x08003383   Thumb Code    38  sd.o(i.SD_GetResponse)
    SD_GetSectorCount                        0x080033a9   Thumb Code   118  sd.o(i.SD_GetSectorCount)
    SD_Init                                  0x08003421   Thumb Code   366  sd.o(i.SD_Init)
    SD_ReadDisk                              0x08003595   Thumb Code   118  sd.o(i.SD_ReadDisk)
    SD_RecvData                              0x08003611   Thumb Code    58  sd.o(i.SD_RecvData)
    SD_Select                                0x0800364d   Thumb Code    32  sd.o(i.SD_Select)
    SD_SendBlock                             0x08003671   Thumb Code    82  sd.o(i.SD_SendBlock)
    SD_SendCmd                               0x080036c3   Thumb Code   122  sd.o(i.SD_SendCmd)
    SD_WaitReady                             0x0800373d   Thumb Code    34  sd.o(i.SD_WaitReady)
    SD_WriteDisk                             0x08003761   Thumb Code   140  sd.o(i.SD_WriteDisk)
    SPI2_HighSpeed                           0x080037f1   Thumb Code     8  spi.o(i.SPI2_HighSpeed)
    SPI2_LowSpeed                            0x080037f9   Thumb Code    76  spi.o(i.SPI2_LowSpeed)
    SPI2_ReadWriteByte                       0x0800385d   Thumb Code    32  spi.o(i.SPI2_ReadWriteByte)
    SysTick_Handler                          0x08003a3d   Thumb Code    12  stm32l4xx_it.o(i.SysTick_Handler)
    SystemClock_Config                       0x08003a49   Thumb Code   172  main.o(i.SystemClock_Config)
    SystemInit                               0x08003b09   Thumb Code    68  system_stm32l4xx.o(i.SystemInit)
    TIM2_IRQHandler                          0x08003b59   Thumb Code    10  stm32l4xx_it.o(i.TIM2_IRQHandler)
    TIM_Base_SetConfig                       0x08003b69   Thumb Code   114  stm32l4xx_hal_tim.o(i.TIM_Base_SetConfig)
    TIM_ETR_SetConfig                        0x08003bed   Thumb Code    24  stm32l4xx_hal_tim.o(i.TIM_ETR_SetConfig)
    Timer_ndays_On                           0x08003c71   Thumb Code    24  lptim.o(i.Timer_ndays_On)
    _Error_Handler                           0x08003c9d   Thumb Code     4  main.o(i._Error_Handler)
    __scatterload_copy                       0x08003ca1   Thumb Code    14  handlers.o(i.__scatterload_copy)
    __scatterload_null                       0x08003caf   Thumb Code     2  handlers.o(i.__scatterload_null)
    __scatterload_zeroinit                   0x08003cb1   Thumb Code    14  handlers.o(i.__scatterload_zeroinit)
    clust2sect                               0x08003d97   Thumb Code    26  ff.o(i.clust2sect)
    disk_initialize                          0x08004287   Thumb Code    38  diskio.o(i.disk_initialize)
    disk_ioctl                               0x080042ad   Thumb Code   102  diskio.o(i.disk_ioctl)
    disk_read                                0x08004319   Thumb Code    62  diskio.o(i.disk_read)
    disk_status                              0x08004357   Thumb Code     6  diskio.o(i.disk_status)
    disk_write                               0x0800435d   Thumb Code    44  diskio.o(i.disk_write)
    f_close                                  0x08004389   Thumb Code    32  ff.o(i.f_close)
    f_mount                                  0x080043a9   Thumb Code    86  ff.o(i.f_mount)
    f_open                                   0x08004405   Thumb Code   356  ff.o(i.f_open)
    f_read                                   0x08004569   Thumb Code   432  ff.o(i.f_read)
    f_sync                                   0x0800471f   Thumb Code   176  ff.o(i.f_sync)
    f_write                                  0x080047cf   Thumb Code   498  ff.o(i.f_write)
    free                                     0x08004de9   Thumb Code    76  malloc.o(i.free)
    get_fat                                  0x08004e39   Thumb Code   232  ff.o(i.get_fat)
    get_fattime                              0x08004f21   Thumb Code     4  diskio.o(i.get_fattime)
    main                                     0x08004f8d   Thumb Code    56  main.o(i.main)
    malloc                                   0x08004fc5   Thumb Code    92  malloc.o(i.malloc)
    put_fat                                  0x080050b7   Thumb Code   310  ff.o(i.put_fat)
    AHBPrescTable                            0x080053b4   Data          16  system_stm32l4xx.o(.constdata)
    APBPrescTable                            0x080053c4   Data           8  system_stm32l4xx.o(.constdata)
    MSIRangeTable                            0x080053cc   Data          48  system_stm32l4xx.o(.constdata)
    Region$$Table$$Base                      0x080053fc   Number         0  anon$$obj.o(Region$$Table)
    Region$$Table$$Limit                     0x0800541c   Number         0  anon$$obj.o(Region$$Table)
    counter1                                 0x2000000c   Data           4  sys_value.o(.data)
    counter2                                 0x20000010   Data           4  sys_value.o(.data)
    counter3                                 0x20000014   Data           4  sys_value.o(.data)
    counter4                                 0x20000018   Data           4  sys_value.o(.data)
    ECGCounter                               0x2000001c   Data           4  sys_value.o(.data)
    ACCECounter                              0x20000020   Data           4  sys_value.o(.data)
    RTCCounter                               0x20000024   Data           4  sys_value.o(.data)
    DatatransCounter                         0x20000028   Data           4  sys_value.o(.data)
    Mode                                     0x2000002c   Data           4  sys_value.o(.data)
    sysflag                                  0x20000030   Data           1  sys_value.o(.data)
    milisecond                               0x20000034   Data           4  sys_value.o(.data)
    second                                   0x20000038   Data           4  sys_value.o(.data)
    SD_Type                                  0x2000003c   Data           1  sd.o(.data)
    fs                                       0x20000048   Data           4  fatfs.o(.data)
    byteswritten                             0x2000004c   Data           4  fatfs.o(.data)
    bytesread                                0x20000050   Data           4  fatfs.o(.data)
    wtext                                    0x20000054   Data          17  fatfs.o(.data)
    filename                                 0x20000065   Data          11  fatfs.o(.data)
    retSD                                    0x20000070   Data           1  fatfs.o(.data)
    uwTick                                   0x20000074   Data           4  stm32l4xx_hal.o(.data)
    SystemCoreClock                          0x20000078   Data           4  system_stm32l4xx.o(.data)
    __microlib_freelist                      0x2000007c   Data           4  mvars.o(.data)
    __microlib_freelist_initialised          0x20000080   Data           4  mvars.o(.data)
    hadc1                                    0x20000084   Data         108  adc.o(.bss)
    hrtc                                     0x200000f0   Data          36  rtc.o(.bss)
    htim2                                    0x20000114   Data          64  tim.o(.bss)
    hspi1                                    0x20000154   Data         100  spi.o(.bss)
    hspi2                                    0x200001b8   Data         100  spi.o(.bss)
    hlptim1                                  0x2000021c   Data          56  lptim.o(.bss)
    hlptim2                                  0x20000254   Data          56  lptim.o(.bss)
    fil                                      0x2000028c   Data         552  fatfs.o(.bss)
    rtext                                    0x200004b4   Data         100  fatfs.o(.bss)
    __heap_base                              0x20000518   Data           0  startup_stm32l452xx.o(HEAP)
    __heap_limit                             0x20002518   Data           0  startup_stm32l452xx.o(HEAP)
    __initial_sp                             0x20002918   Data           0  startup_stm32l452xx.o(STACK)



==============================================================================

Memory Map of the image

  Image Entry point : 0x08000195

  Load Region LR_IROM1 (Base: 0x08000000, Size: 0x000054a0, Max: 0x00080000, ABSOLUTE)

    Execution Region ER_IROM1 (Exec base: 0x08000000, Load base: 0x08000000, Size: 0x0000541c, Max: 0x00080000, ABSOLUTE)

    Exec Addr    Load Addr    Size         Type   Attr      Idx    E Section Name        Object

    0x08000000   0x08000000   0x00000194   Data   RO         5340    RESET               startup_stm32l452xx.o
    0x08000194   0x08000194   0x00000000   Code   RO         5345  * .ARM.Collect$$$$00000000  mc_w.l(entry.o)
    0x08000194   0x08000194   0x00000004   Code   RO         5384    .ARM.Collect$$$$00000001  mc_w.l(entry2.o)
    0x08000198   0x08000198   0x00000004   Code   RO         5387    .ARM.Collect$$$$00000004  mc_w.l(entry5.o)
    0x0800019c   0x0800019c   0x00000000   Code   RO         5389    .ARM.Collect$$$$00000008  mc_w.l(entry7b.o)
    0x0800019c   0x0800019c   0x00000000   Code   RO         5391    .ARM.Collect$$$$0000000A  mc_w.l(entry8b.o)
    0x0800019c   0x0800019c   0x00000008   Code   RO         5392    .ARM.Collect$$$$0000000B  mc_w.l(entry9a.o)
    0x080001a4   0x080001a4   0x00000000   Code   RO         5394    .ARM.Collect$$$$0000000D  mc_w.l(entry10a.o)
    0x080001a4   0x080001a4   0x00000000   Code   RO         5396    .ARM.Collect$$$$0000000F  mc_w.l(entry11a.o)
    0x080001a4   0x080001a4   0x00000004   Code   RO         5385    .ARM.Collect$$$$00002712  mc_w.l(entry2.o)
    0x080001a8   0x080001a8   0x00000024   Code   RO         5341    .text               startup_stm32l452xx.o
    0x080001cc   0x080001cc   0x00000024   Code   RO         5413    .text               mc_w.l(init.o)
    0x080001f0   0x080001f0   0x00000140   Code   RO         1214    i.FATFS_Test        fatfs.o
    0x08000330   0x08000330   0x000004a0   Code   RO         3304    i.HAL_ADC_ConfigChannel  stm32l4xx_hal_adc.o
    0x080007d0   0x080007d0   0x000001f8   Code   RO         3313    i.HAL_ADC_Init      stm32l4xx_hal_adc.o
    0x080009c8   0x080009c8   0x00000050   Code   RO          274    i.HAL_ADC_MspInit   adc.o
    0x08000a18   0x08000a18   0x000001cc   Code   RO         2050    i.HAL_GPIO_Init     stm32l4xx_hal_gpio.o
    0x08000be4   0x08000be4   0x0000000a   Code   RO         2054    i.HAL_GPIO_WritePin  stm32l4xx_hal_gpio.o
    0x08000bee   0x08000bee   0x00000002   PAD
    0x08000bf0   0x08000bf0   0x0000000c   Code   RO         5102    i.HAL_GetTick       stm32l4xx_hal.o
    0x08000bfc   0x08000bfc   0x00000010   Code   RO         5106    i.HAL_IncTick       stm32l4xx_hal.o
    0x08000c0c   0x08000c0c   0x00000028   Code   RO         5107    i.HAL_Init          stm32l4xx_hal.o
    0x08000c34   0x08000c34   0x00000028   Code   RO         5108    i.HAL_InitTick      stm32l4xx_hal.o
    0x08000c5c   0x08000c5c   0x0000009c   Code   RO          594    i.HAL_LPTIM_AutoReloadMatchCallback  lptim.o
    0x08000cf8   0x08000cf8   0x00000002   Code   RO         2388    i.HAL_LPTIM_AutoReloadWriteCallback  stm32l4xx_hal_lptim.o
    0x08000cfa   0x08000cfa   0x00000002   Code   RO         2389    i.HAL_LPTIM_CompareMatchCallback  stm32l4xx_hal_lptim.o
    0x08000cfc   0x08000cfc   0x00000002   Code   RO         2390    i.HAL_LPTIM_CompareWriteCallback  stm32l4xx_hal_lptim.o
    0x08000cfe   0x08000cfe   0x00000060   Code   RO         2392    i.HAL_LPTIM_Counter_Start_IT  stm32l4xx_hal_lptim.o
    0x08000d5e   0x08000d5e   0x00000002   Code   RO         2396    i.HAL_LPTIM_DirectionDownCallback  stm32l4xx_hal_lptim.o
    0x08000d60   0x08000d60   0x00000002   Code   RO         2397    i.HAL_LPTIM_DirectionUpCallback  stm32l4xx_hal_lptim.o
    0x08000d62   0x08000d62   0x000000e6   Code   RO         2403    i.HAL_LPTIM_IRQHandler  stm32l4xx_hal_lptim.o
    0x08000e48   0x08000e48   0x000000c4   Code   RO         2404    i.HAL_LPTIM_Init    stm32l4xx_hal_lptim.o
    0x08000f0c   0x08000f0c   0x0000007c   Code   RO          596    i.HAL_LPTIM_MspInit  lptim.o
    0x08000f88   0x08000f88   0x00000002   Code   RO         2426    i.HAL_LPTIM_TriggerCallback  stm32l4xx_hal_lptim.o
    0x08000f8a   0x08000f8a   0x00000002   PAD
    0x08000f8c   0x08000f8c   0x00000090   Code   RO          570    i.HAL_MspInit       stm32l4xx_hal_msp.o
    0x0800101c   0x0800101c   0x0000001a   Code   RO         1664    i.HAL_NVIC_EnableIRQ  stm32l4xx_hal_cortex.o
    0x08001036   0x08001036   0x00000082   Code   RO         1670    i.HAL_NVIC_SetPriority  stm32l4xx_hal_cortex.o
    0x080010b8   0x080010b8   0x00000028   Code   RO         1671    i.HAL_NVIC_SetPriorityGrouping  stm32l4xx_hal_cortex.o
    0x080010e0   0x080010e0   0x0000008c   Code   RO         3878    i.HAL_PWREx_ControlVoltageScaling  stm32l4xx_hal_pwr_ex.o
    0x0800116c   0x0800116c   0x00000010   Code   RO         3905    i.HAL_PWREx_GetVoltageRange  stm32l4xx_hal_pwr_ex.o
    0x0800117c   0x0800117c   0x00000414   Code   RO         2135    i.HAL_RCCEx_PeriphCLKConfig  stm32l4xx_hal_rcc_ex.o
    0x08001590   0x08001590   0x000001dc   Code   RO         2287    i.HAL_RCC_ClockConfig  stm32l4xx_hal_rcc.o
    0x0800176c   0x0800176c   0x0000000c   Code   RO         2291    i.HAL_RCC_GetHCLKFreq  stm32l4xx_hal_rcc.o
    0x08001778   0x08001778   0x0000010c   Code   RO         2295    i.HAL_RCC_GetSysClockFreq  stm32l4xx_hal_rcc.o
    0x08001884   0x08001884   0x00000694   Code   RO         2298    i.HAL_RCC_OscConfig  stm32l4xx_hal_rcc.o
    0x08001f18   0x08001f18   0x00000012   Code   RO         3538    i.HAL_RTCEx_BKUPRead  stm32l4xx_hal_rtc_ex.o
    0x08001f2a   0x08001f2a   0x00000012   Code   RO         3539    i.HAL_RTCEx_BKUPWrite  stm32l4xx_hal_rtc_ex.o
    0x08001f3c   0x08001f3c   0x000000e8   Code   RO         4937    i.HAL_RTC_Init      stm32l4xx_hal_rtc.o
    0x08002024   0x08002024   0x00000024   Code   RO          367    i.HAL_RTC_MspInit   rtc.o
    0x08002048   0x08002048   0x00000124   Code   RO         4943    i.HAL_RTC_SetDate   stm32l4xx_hal_rtc.o
    0x0800216c   0x0800216c   0x00000148   Code   RO         4944    i.HAL_RTC_SetTime   stm32l4xx_hal_rtc.o
    0x080022b4   0x080022b4   0x0000003a   Code   RO         4945    i.HAL_RTC_WaitForSynchro  stm32l4xx_hal_rtc.o
    0x080022ee   0x080022ee   0x000000c0   Code   RO         4218    i.HAL_SPI_Init      stm32l4xx_hal_spi.o
    0x080023ae   0x080023ae   0x00000002   PAD
    0x080023b0   0x080023b0   0x000000c0   Code   RO          505    i.HAL_SPI_MspInit   spi.o
    0x08002470   0x08002470   0x0000028e   Code   RO         4227    i.HAL_SPI_TransmitReceive  stm32l4xx_hal_spi.o
    0x080026fe   0x080026fe   0x00000028   Code   RO         1673    i.HAL_SYSTICK_CLKSourceConfig  stm32l4xx_hal_cortex.o
    0x08002726   0x08002726   0x00000002   Code   RO         1674    i.HAL_SYSTICK_Callback  stm32l4xx_hal_cortex.o
    0x08002728   0x08002728   0x00000034   Code   RO         1675    i.HAL_SYSTICK_Config  stm32l4xx_hal_cortex.o
    0x0800275c   0x0800275c   0x00000008   Code   RO         1676    i.HAL_SYSTICK_IRQHandler  stm32l4xx_hal_cortex.o
    0x08002764   0x08002764   0x00000002   Code   RO         4534    i.HAL_TIMEx_BreakCallback  stm32l4xx_hal_tim_ex.o
    0x08002766   0x08002766   0x00000002   Code   RO         4535    i.HAL_TIMEx_CommutationCallback  stm32l4xx_hal_tim_ex.o
    0x08002768   0x08002768   0x00000060   Code   RO         4553    i.HAL_TIMEx_MasterConfigSynchronization  stm32l4xx_hal_tim_ex.o
    0x080027c8   0x080027c8   0x00000034   Code   RO         2647    i.HAL_TIM_Base_Init  stm32l4xx_hal_tim.o
    0x080027fc   0x080027fc   0x00000040   Code   RO          445    i.HAL_TIM_Base_MspInit  tim.o
    0x0800283c   0x0800283c   0x00000138   Code   RO         2656    i.HAL_TIM_ConfigClockSource  stm32l4xx_hal_tim.o
    0x08002974   0x08002974   0x00000002   Code   RO         2676    i.HAL_TIM_IC_CaptureCallback  stm32l4xx_hal_tim.o
    0x08002976   0x08002976   0x00000196   Code   RO         2689    i.HAL_TIM_IRQHandler  stm32l4xx_hal_tim.o
    0x08002b0c   0x08002b0c   0x00000002   Code   RO         2692    i.HAL_TIM_OC_DelayElapsedCallback  stm32l4xx_hal_tim.o
    0x08002b0e   0x08002b0e   0x00000002   Code   RO         2719    i.HAL_TIM_PWM_PulseFinishedCallback  stm32l4xx_hal_tim.o
    0x08002b10   0x08002b10   0x0000006c   Code   RO          446    i.HAL_TIM_PeriodElapsedCallback  tim.o
    0x08002b7c   0x08002b7c   0x00000002   Code   RO         2730    i.HAL_TIM_TriggerCallback  stm32l4xx_hal_tim.o
    0x08002b7e   0x08002b7e   0x00000002   PAD
    0x08002b80   0x08002b80   0x00000010   Code   RO          320    i.LPTIM1_IRQHandler  stm32l4xx_it.o
    0x08002b90   0x08002b90   0x00000010   Code   RO          321    i.LPTIM2_IRQHandler  stm32l4xx_it.o
    0x08002ba0   0x08002ba0   0x00000088   Code   RO          275    i.MX_ADC1_Init      adc.o
    0x08002c28   0x08002c28   0x000001ac   Code   RO          420    i.MX_GPIO_Init      gpio.o
    0x08002dd4   0x08002dd4   0x00000050   Code   RO          597    i.MX_LPTIM1_Init    lptim.o
    0x08002e24   0x08002e24   0x00000050   Code   RO          598    i.MX_LPTIM2_Init    lptim.o
    0x08002e74   0x08002e74   0x000000b8   Code   RO          368    i.MX_RTC_Init       rtc.o
    0x08002f2c   0x08002f2c   0x00000064   Code   RO          506    i.MX_SPI1_Init      spi.o
    0x08002f90   0x08002f90   0x00000064   Code   RO          507    i.MX_SPI2_Init      spi.o
    0x08002ff4   0x08002ff4   0x00000078   Code   RO          447    i.MX_TIM2_Init      tim.o
    0x0800306c   0x0800306c   0x00000010   Code   RO         1677    i.NVIC_GetPriorityGrouping  stm32l4xx_hal_cortex.o
    0x0800307c   0x0800307c   0x00000028   Code   RO         1678    i.NVIC_SetPriority  stm32l4xx_hal_cortex.o
    0x080030a4   0x080030a4   0x0000018c   Code   RO         2138    i.RCCEx_PLLSAI1_Config  stm32l4xx_hal_rcc_ex.o
    0x08003230   0x08003230   0x000000a0   Code   RO         2299    i.RCC_SetFlashLatencyFromMSIRange  stm32l4xx_hal_rcc.o
    0x080032d0   0x080032d0   0x00000016   Code   RO         4946    i.RTC_Bcd2ToByte    stm32l4xx_hal_rtc.o
    0x080032e6   0x080032e6   0x0000001a   Code   RO         4947    i.RTC_ByteToBcd2    stm32l4xx_hal_rtc.o
    0x08003300   0x08003300   0x0000003e   Code   RO         4948    i.RTC_EnterInitMode  stm32l4xx_hal_rtc.o
    0x0800333e   0x0800333e   0x00000002   PAD
    0x08003340   0x08003340   0x00000018   Code   RO          731    i.SD_DisSelect      sd.o
    0x08003358   0x08003358   0x0000002a   Code   RO          733    i.SD_GetCSD         sd.o
    0x08003382   0x08003382   0x00000026   Code   RO          734    i.SD_GetResponse    sd.o
    0x080033a8   0x080033a8   0x00000076   Code   RO          735    i.SD_GetSectorCount  sd.o
    0x0800341e   0x0800341e   0x00000002   PAD
    0x08003420   0x08003420   0x00000174   Code   RO          736    i.SD_Init           sd.o
    0x08003594   0x08003594   0x0000007c   Code   RO          737    i.SD_ReadDisk       sd.o
    0x08003610   0x08003610   0x0000003a   Code   RO          738    i.SD_RecvData       sd.o
    0x0800364a   0x0800364a   0x00000002   PAD
    0x0800364c   0x0800364c   0x00000024   Code   RO          739    i.SD_Select         sd.o
    0x08003670   0x08003670   0x00000052   Code   RO          740    i.SD_SendBlock      sd.o
    0x080036c2   0x080036c2   0x0000007a   Code   RO          741    i.SD_SendCmd        sd.o
    0x0800373c   0x0800373c   0x00000022   Code   RO          742    i.SD_WaitReady      sd.o
    0x0800375e   0x0800375e   0x00000002   PAD
    0x08003760   0x08003760   0x00000090   Code   RO          743    i.SD_WriteDisk      sd.o
    0x080037f0   0x080037f0   0x00000008   Code   RO          508    i.SPI2_HighSpeed    spi.o
    0x080037f8   0x080037f8   0x00000064   Code   RO          509    i.SPI2_LowSpeed     spi.o
    0x0800385c   0x0800385c   0x00000024   Code   RO          510    i.SPI2_ReadWriteByte  spi.o
    0x08003880   0x08003880   0x00000064   Code   RO         4256    i.SPI_EndRxTxTransaction  stm32l4xx_hal_spi.o
    0x080038e4   0x080038e4   0x000000b0   Code   RO         4261    i.SPI_WaitFifoStateUntilTimeout  stm32l4xx_hal_spi.o
    0x08003994   0x08003994   0x000000a8   Code   RO         4262    i.SPI_WaitFlagStateUntilTimeout  stm32l4xx_hal_spi.o
    0x08003a3c   0x08003a3c   0x0000000c   Code   RO          322    i.SysTick_Handler   stm32l4xx_it.o
    0x08003a48   0x08003a48   0x000000c0   Code   RO           14    i.SystemClock_Config  main.o
    0x08003b08   0x08003b08   0x00000050   Code   RO         5305    i.SystemInit        system_stm32l4xx.o
    0x08003b58   0x08003b58   0x00000010   Code   RO          323    i.TIM2_IRQHandler   stm32l4xx_it.o
    0x08003b68   0x08003b68   0x00000084   Code   RO         2731    i.TIM_Base_SetConfig  stm32l4xx_hal_tim.o
    0x08003bec   0x08003bec   0x00000018   Code   RO         2738    i.TIM_ETR_SetConfig  stm32l4xx_hal_tim.o
    0x08003c04   0x08003c04   0x00000014   Code   RO         2739    i.TIM_ITRx_SetConfig  stm32l4xx_hal_tim.o
    0x08003c18   0x08003c18   0x0000002a   Code   RO         2747    i.TIM_TI1_ConfigInputStage  stm32l4xx_hal_tim.o
    0x08003c42   0x08003c42   0x0000002c   Code   RO         2749    i.TIM_TI2_ConfigInputStage  stm32l4xx_hal_tim.o
    0x08003c6e   0x08003c6e   0x00000002   PAD
    0x08003c70   0x08003c70   0x0000002c   Code   RO          601    i.Timer_ndays_On    lptim.o
    0x08003c9c   0x08003c9c   0x00000004   Code   RO           17    i._Error_Handler    main.o
    0x08003ca0   0x08003ca0   0x0000000e   Code   RO         5419    i.__scatterload_copy  mc_w.l(handlers.o)
    0x08003cae   0x08003cae   0x00000002   Code   RO         5420    i.__scatterload_null  mc_w.l(handlers.o)
    0x08003cb0   0x08003cb0   0x0000000e   Code   RO         5421    i.__scatterload_zeroinit  mc_w.l(handlers.o)
    0x08003cbe   0x08003cbe   0x00000002   PAD
    0x08003cc0   0x08003cc0   0x00000090   Code   RO          893    i.check_fs          ff.o
    0x08003d50   0x08003d50   0x00000014   Code   RO          894    i.chk_chr           ff.o
    0x08003d64   0x08003d64   0x00000032   Code   RO          895    i.clmt_clust        ff.o
    0x08003d96   0x08003d96   0x0000001a   Code   RO          896    i.clust2sect        ff.o
    0x08003db0   0x08003db0   0x000000d6   Code   RO          897    i.create_chain      ff.o
    0x08003e86   0x08003e86   0x00000002   PAD
    0x08003e88   0x08003e88   0x0000015e   Code   RO          898    i.create_name       ff.o
    0x08003fe6   0x08003fe6   0x0000005c   Code   RO          899    i.dir_alloc         ff.o
    0x08004042   0x08004042   0x0000005c   Code   RO          900    i.dir_find          ff.o
    0x0800409e   0x0800409e   0x00000110   Code   RO          901    i.dir_next          ff.o
    0x080041ae   0x080041ae   0x0000003a   Code   RO          903    i.dir_register      ff.o
    0x080041e8   0x080041e8   0x0000009e   Code   RO          905    i.dir_sdi           ff.o
    0x08004286   0x08004286   0x00000026   Code   RO          833    i.disk_initialize   diskio.o
    0x080042ac   0x080042ac   0x0000006c   Code   RO          834    i.disk_ioctl        diskio.o
    0x08004318   0x08004318   0x0000003e   Code   RO          835    i.disk_read         diskio.o
    0x08004356   0x08004356   0x00000006   Code   RO          836    i.disk_status       diskio.o
    0x0800435c   0x0800435c   0x0000002c   Code   RO          837    i.disk_write        diskio.o
    0x08004388   0x08004388   0x00000020   Code   RO          907    i.f_close           ff.o
    0x080043a8   0x080043a8   0x0000005c   Code   RO          915    i.f_mount           ff.o
    0x08004404   0x08004404   0x00000164   Code   RO          916    i.f_open            ff.o
    0x08004568   0x08004568   0x000001b6   Code   RO          921    i.f_read            ff.o
    0x0800471e   0x0800471e   0x000000b0   Code   RO          926    i.f_sync            ff.o
    0x080047ce   0x080047ce   0x000001f8   Code   RO          930    i.f_write           ff.o
    0x080049c6   0x080049c6   0x00000002   PAD
    0x080049c8   0x080049c8   0x0000038e   Code   RO          931    i.find_volume       ff.o
    0x08004d56   0x08004d56   0x00000090   Code   RO          932    i.follow_path       ff.o
    0x08004de6   0x08004de6   0x00000002   PAD
    0x08004de8   0x08004de8   0x00000050   Code   RO         5348    i.free              mc_w.l(malloc.o)
    0x08004e38   0x08004e38   0x000000e8   Code   RO          933    i.get_fat           ff.o
    0x08004f20   0x08004f20   0x00000004   Code   RO          838    i.get_fattime       diskio.o
    0x08004f24   0x08004f24   0x00000048   Code   RO          935    i.get_ldnumber      ff.o
    0x08004f6c   0x08004f6c   0x00000020   Code   RO          936    i.ld_clust          ff.o
    0x08004f8c   0x08004f8c   0x00000038   Code   RO           18    i.main              main.o
    0x08004fc4   0x08004fc4   0x0000006c   Code   RO         5349    i.malloc            mc_w.l(malloc.o)
    0x08005030   0x08005030   0x00000026   Code   RO          937    i.mem_cmp           ff.o
    0x08005056   0x08005056   0x0000001a   Code   RO          938    i.mem_cpy           ff.o
    0x08005070   0x08005070   0x00000014   Code   RO          939    i.mem_set           ff.o
    0x08005084   0x08005084   0x00000032   Code   RO          940    i.move_window       ff.o
    0x080050b6   0x080050b6   0x00000136   Code   RO          941    i.put_fat           ff.o
    0x080051ec   0x080051ec   0x0000006c   Code   RO          943    i.remove_chain      ff.o
    0x08005258   0x08005258   0x00000010   Code   RO          944    i.st_clust          ff.o
    0x08005268   0x08005268   0x000000c8   Code   RO          945    i.sync_fs           ff.o
    0x08005330   0x08005330   0x0000004c   Code   RO          946    i.sync_window       ff.o
    0x0800537c   0x0800537c   0x00000036   Code   RO          947    i.validate          ff.o
    0x080053b2   0x080053b2   0x00000002   PAD
    0x080053b4   0x080053b4   0x00000048   Data   RO         5306    .constdata          system_stm32l4xx.o
    0x080053fc   0x080053fc   0x00000020   Data   RO         5417    Region$$Table       anon$$obj.o


    Execution Region RW_IRAM1 (Exec base: 0x20000000, Load base: 0x0800541c, Size: 0x00002918, Max: 0x00028000, ABSOLUTE)

    Exec Addr    Load Addr    Size         Type   Attr      Idx    E Section Name        Object

    0x20000000   0x0800541c   0x0000000c   Data   RW          603    .data               lptim.o
    0x2000000c   0x08005428   0x00000030   Data   RW          713    .data               sys_value.o
    0x2000003c   0x08005458   0x00000001   Data   RW          744    .data               sd.o
    0x2000003d   0x08005459   0x00000003   PAD
    0x20000040   0x0800545c   0x00000006   Data   RW          949    .data               ff.o
    0x20000046   0x08005462   0x00000002   PAD
    0x20000048   0x08005464   0x00000029   Data   RW         1216    .data               fatfs.o
    0x20000071   0x0800548d   0x00000003   PAD
    0x20000074   0x08005490   0x00000004   Data   RW         5123    .data               stm32l4xx_hal.o
    0x20000078   0x08005494   0x00000004   Data   RW         5307    .data               system_stm32l4xx.o
    0x2000007c   0x08005498   0x00000004   Data   RW         5406    .data               mc_w.l(mvars.o)
    0x20000080   0x0800549c   0x00000004   Data   RW         5407    .data               mc_w.l(mvars.o)
    0x20000084        -       0x0000006c   Zero   RW          276    .bss                adc.o
    0x200000f0        -       0x00000024   Zero   RW          371    .bss                rtc.o
    0x20000114        -       0x00000040   Zero   RW          450    .bss                tim.o
    0x20000154        -       0x000000c8   Zero   RW          511    .bss                spi.o
    0x2000021c        -       0x00000070   Zero   RW          602    .bss                lptim.o
    0x2000028c        -       0x0000028c   Zero   RW         1215    .bss                fatfs.o
    0x20000518        -       0x00002000   Zero   RW         5339    HEAP                startup_stm32l452xx.o
    0x20002518        -       0x00000400   Zero   RW         5338    STACK               startup_stm32l452xx.o


==============================================================================

Image component sizes


      Code (inc. data)   RO Data    RW Data    ZI Data      Debug   Object Name

       216         40          0          0        108       1693   adc.o
       262          6          0          0          0       5908   diskio.o
       320         40          0         41        652       1548   fatfs.o
      5362         44          0          6          0      31338   ff.o
       428         24          0          0          0       1135   gpio.o
       484        118          0         12        112       3377   lptim.o
       252         20          0          0          0     760545   main.o
       220         36          0          0         36       1559   rtc.o
      1194         24          0          1          0       8914   sd.o
       536        100          0          0        200       3844   spi.o
        36          8        404          0       9216        808   startup_stm32l452xx.o
       108         20          0          4          0       3555   stm32l4xx_hal.o
      1688         40          0          0          0       3583   stm32l4xx_hal_adc.o
       354         22          0          0          0      32677   stm32l4xx_hal_cortex.o
       470         28          0          0          0       2388   stm32l4xx_hal_gpio.o
       534         10          0          0          0       6293   stm32l4xx_hal_lptim.o
       144          4          0          0          0        902   stm32l4xx_hal_msp.o
       156         18          0          0          0       1366   stm32l4xx_hal_pwr_ex.o
      2600         78          0          0          0       5990   stm32l4xx_hal_rcc.o
      1440         28          0          0          0       3000   stm32l4xx_hal_rcc_ex.o
      1020         14          0          0          0       5806   stm32l4xx_hal_rtc.o
        36          0          0          0          0       2287   stm32l4xx_hal_rtc_ex.o
      1290          0          0          0          0       5465   stm32l4xx_hal_spi.o
      1040         22          0          0          0       8951   stm32l4xx_hal_tim.o
       100          6          0          0          0       2590   stm32l4xx_hal_tim_ex.o
        60         18          0          0          0       1960   stm32l4xx_it.o
         0          0          0         48          0       1495   sys_value.o
        80         12         72          4          0       1233   system_stm32l4xx.o
       292         44          0          0         64       2226   tim.o

    ----------------------------------------------------------------------
     20748        824        508        124      10388     912436   Object Totals
         0          0         32          0          0          0   (incl. Generated)
        26          0          0          8          0          0   (incl. Padding)

    ----------------------------------------------------------------------

      Code (inc. data)   RO Data    RW Data    ZI Data      Debug   Library Member Name

         0          0          0          0          0          0   entry.o
         0          0          0          0          0          0   entry10a.o
         0          0          0          0          0          0   entry11a.o
         8          4          0          0          0          0   entry2.o
         4          0          0          0          0          0   entry5.o
         0          0          0          0          0          0   entry7b.o
         0          0          0          0          0          0   entry8b.o
         8          4          0          0          0          0   entry9a.o
        30          0          0          0          0          0   handlers.o
        36          8          0          0          0         68   init.o
       188         20          0          0          0        160   malloc.o
         0          0          0          8          0          0   mvars.o

    ----------------------------------------------------------------------
       276         36          0          8          0        228   Library Totals
         2          0          0          0          0          0   (incl. Padding)

    ----------------------------------------------------------------------

      Code (inc. data)   RO Data    RW Data    ZI Data      Debug   Library Name

       274         36          0          8          0        228   mc_w.l

    ----------------------------------------------------------------------
       276         36          0          8          0        228   Library Totals

    ----------------------------------------------------------------------

==============================================================================


      Code (inc. data)   RO Data    RW Data    ZI Data      Debug   

     21024        860        508        132      10388     899016   Grand Totals
     21024        860        508        132      10388     899016   ELF Image Totals
     21024        860        508        132          0          0   ROM Totals

==============================================================================

    Total RO  Size (Code + RO Data)                21532 (  21.03kB)
    Total RW  Size (RW Data + ZI Data)             10520 (  10.27kB)
    Total ROM Size (Code + RO Data + RW Data)      21664 (  21.16kB)

==============================================================================

